Component: ARM Compiler 5.06 update 6 (build 750) Tool: armlink [4d35ed]

==============================================================================

Section Cross References

    system_tasks.o(i.System_Tasks_Init) refers to tasks.o(i.vTaskSuspendAll) for vTaskSuspendAll
    system_tasks.o(i.System_Tasks_Init) refers to tasks.o(i.xTaskCreate) for xTaskCreate
    system_tasks.o(i.System_Tasks_Init) refers to tasks.o(i.xTaskResumeAll) for xTaskResumeAll
    system_tasks.o(i.System_Tasks_Init) refers to system_tasks.o(.data) for TopPOST_Handle
    system_tasks.o(i.System_Tasks_Init) refers to system_tasks.o(i._Z8Top_POSTPv) for Top_POST(void*)
    system_tasks.o(i.System_Tasks_Init) refers to system_tasks.o(i._Z7Top_ComPv) for Top_Com(void*)
    system_tasks.o(i.System_Tasks_Init) refers to system_tasks.o(i._Z11Action_CtrlPv) for Action_Ctrl(void*)
    system_tasks.o(i.System_Tasks_Init) refers to system_tasks.o(i._Z9Board_ComPv) for Board_Com(void*)
    system_tasks.o(i.System_Tasks_Init) refers to system_tasks.o(i._Z14Mode_SelectionPv) for Mode_Selection(void*)
    system_tasks.o(i.System_Tasks_Init) refers to system_tasks.o(i._Z12Offline_CtrlPv) for Offline_Ctrl(void*)
    system_tasks.o(i.System_Tasks_Init) refers to system_tasks.o(i._Z12System_ResetPv) for System_Reset(void*)
    system_tasks.o(i._Z11Action_CtrlPv) refers to cxa_guard_acquire.o(i.__cxa_guard_acquire) for __cxa_guard_acquire
    system_tasks.o(i._Z11Action_CtrlPv) refers to tasks.o(i.xTaskGetTickCount) for xTaskGetTickCount
    system_tasks.o(i._Z11Action_CtrlPv) refers to service_auto.o(i._ZN13Auto_Classdef9Auto_TaskEv) for Auto_Classdef::Auto_Task()
    system_tasks.o(i._Z11Action_CtrlPv) refers to service_action.o(i._ZN15Action_Classdef9Do_ActionEv) for Action_Classdef::Do_Action()
    system_tasks.o(i._Z11Action_CtrlPv) refers to tasks.o(i.vTaskDelayUntil) for vTaskDelayUntil
    system_tasks.o(i._Z11Action_CtrlPv) refers to system_tasks.o(.data) for _ZGV_ZZ11Action_CtrlPvE18_xPreviousWakeTime
    system_tasks.o(i._Z11Action_CtrlPv) refers to system_datapool.o(.bss) for Engineer_Auto
    system_tasks.o(i._Z12Offline_CtrlPv) refers to cxa_guard_acquire.o(i.__cxa_guard_acquire) for __cxa_guard_acquire
    system_tasks.o(i._Z12Offline_CtrlPv) refers to tasks.o(i.xTaskGetTickCount) for xTaskGetTickCount
    system_tasks.o(i._Z12Offline_CtrlPv) refers to tasks.o(i.xTaskNotifyWait) for xTaskNotifyWait
    system_tasks.o(i._Z12Offline_CtrlPv) refers to service_action.o(i._ZN15Action_Classdef18Action_Protect_ALLEv) for Action_Classdef::Action_Protect_ALL()
    system_tasks.o(i._Z12Offline_CtrlPv) refers to tasks.o(i.vTaskDelayUntil) for vTaskDelayUntil
    system_tasks.o(i._Z12Offline_CtrlPv) refers to system_tasks.o(.data) for _ZGV_ZZ12Offline_CtrlPvE18_xPreviousWakeTime
    system_tasks.o(i._Z12Offline_CtrlPv) refers to system_datapool.o(.bss) for Engineer_Action
    system_tasks.o(i._Z12System_ResetPv) refers to cxa_guard_acquire.o(i.__cxa_guard_acquire) for __cxa_guard_acquire
    system_tasks.o(i._Z12System_ResetPv) refers to tasks.o(i.xTaskGetTickCount) for xTaskGetTickCount
    system_tasks.o(i._Z12System_ResetPv) refers to service_action.o(i._ZN15Action_Classdef18Action_Protect_ALLEv) for Action_Classdef::Action_Protect_ALL()
    system_tasks.o(i._Z12System_ResetPv) refers to stm32f4xx_hal_cortex.o(i.HAL_NVIC_SystemReset) for HAL_NVIC_SystemReset
    system_tasks.o(i._Z12System_ResetPv) refers to tasks.o(i.vTaskDelayUntil) for vTaskDelayUntil
    system_tasks.o(i._Z12System_ResetPv) refers to system_tasks.o(.data) for _ZGV_ZZ12System_ResetPvE18_xPreviousWakeTime
    system_tasks.o(i._Z12System_ResetPv) refers to system_datapool.o(.data) for SystemReset_flag
    system_tasks.o(i._Z12System_ResetPv) refers to system_datapool.o(.bss) for Engineer_Action
    system_tasks.o(i._Z14Mode_SelectionPv) refers to cxa_guard_acquire.o(i.__cxa_guard_acquire) for __cxa_guard_acquire
    system_tasks.o(i._Z14Mode_SelectionPv) refers to tasks.o(i.xTaskGetTickCount) for xTaskGetTickCount
    system_tasks.o(i._Z14Mode_SelectionPv) refers to tasks.o(i.xTaskGenericNotify) for xTaskGenericNotify
    system_tasks.o(i._Z14Mode_SelectionPv) refers to service_communication.o(i._Z19Protect_Key_Controlv) for Protect_Key_Control()
    system_tasks.o(i._Z14Mode_SelectionPv) refers to service_communication.o(i._Z11Key_Controlv) for Key_Control()
    system_tasks.o(i._Z14Mode_SelectionPv) refers to tasks.o(i.vTaskDelayUntil) for vTaskDelayUntil
    system_tasks.o(i._Z14Mode_SelectionPv) refers to system_tasks.o(.data) for _ZGV_ZZ14Mode_SelectionPvE18_xPreviousWakeTime
    system_tasks.o(i._Z14Mode_SelectionPv) refers to service_communication.o(.bss) for Key_DataPack
    system_tasks.o(i._Z7Top_ComPv) refers to cxa_guard_acquire.o(i.__cxa_guard_acquire) for __cxa_guard_acquire
    system_tasks.o(i._Z7Top_ComPv) refers to tasks.o(i.xTaskGetTickCount) for xTaskGetTickCount
[...]
    Action_Classdef::Action_Reset()          0x08006c2d   Thumb Code    14  service_action.o(i._ZN15Action_Classdef12Action_ResetEv)
    Action_Classdef::Do_ETC_Action()         0x08006c3d   Thumb Code    38  service_action.o(i._ZN15Action_Classdef13Do_ETC_ActionEv)
    Action_Classdef::Do_Lift_Action()        0x08006c69   Thumb Code   356  service_action.o(i._ZN15Action_Classdef14Do_Lift_ActionEv)
    Action_Classdef::Do_Turn_Action()        0x08006ddd   Thumb Code    66  service_action.o(i._ZN15Action_Classdef14Do_Turn_ActionEv)
    Action_Classdef::Action_Init_All()       0x08006e31   Thumb Code    50  service_action.o(i._ZN15Action_Classdef15Action_Init_AllEv)
    Action_Classdef::Do_Pinch_Action()       0x08006e75   Thumb Code    38  service_action.o(i._ZN15Action_Classdef15Do_Pinch_ActionEv)
    Action_Classdef::Action_Init_Part()      0x08006ea1   Thumb Code    48  service_action.o(i._ZN15Action_Classdef16Action_Init_PartEv)
    Action_Classdef::Do_Extend_Action()      0x08006ee1   Thumb Code   142  service_action.o(i._ZN15Action_Classdef16Do_Extend_ActionEv)
    Action_Classdef::Do_Rescue_Action()      0x08006f79   Thumb Code    38  service_action.o(i._ZN15Action_Classdef16Do_Rescue_ActionEv)
    Action_Classdef::Do_Rotate_Action()      0x08006fa5   Thumb Code   210  service_action.o(i._ZN15Action_Classdef16Do_Rotate_ActionEv)
    Action_Classdef::Action_Protect_ALL()    0x08007081   Thumb Code    54  service_action.o(i._ZN15Action_Classdef18Action_Protect_ALLEv)
    Action_Classdef::Do_SuperRescue_Action() 0x080070c5   Thumb Code    38  service_action.o(i._ZN15Action_Classdef21Do_SuperRescue_ActionEv)
    Action_Classdef::Do_Action()             0x080070f1   Thumb Code    30  service_action.o(i._ZN15Action_Classdef9Do_ActionEv)
    Sensor_Classdef::PR_F1()                 0x08007111   Thumb Code    34  service_sensor.o(i._ZN15Sensor_Classdef5PR_F1Ev)
    Sensor_Classdef::PR_F2()                 0x08007139   Thumb Code    34  service_sensor.o(i._ZN15Sensor_Classdef5PR_F2Ev)
    Sensor_Classdef::PR_F3()                 0x08007161   Thumb Code    36  service_sensor.o(i._ZN15Sensor_Classdef5PR_F3Ev)
    Sensor_Classdef::PR_F4()                 0x08007189   Thumb Code    34  service_sensor.o(i._ZN15Sensor_Classdef5PR_F4Ev)
    Sensor_Classdef::PR_F5()                 0x080071b1   Thumb Code    34  service_sensor.o(i._ZN15Sensor_Classdef5PR_F5Ev)
    Sensor_Classdef::PR_F6()                 0x080071d9   Thumb Code    36  service_sensor.o(i._ZN15Sensor_Classdef5PR_F6Ev)
    Sensor_Classdef::PR_F7()                 0x08007201   Thumb Code    34  service_sensor.o(i._ZN15Sensor_Classdef5PR_F7Ev)
    Sensor_Classdef::PR_F8()                 0x08007229   Thumb Code    34  service_sensor.o(i._ZN15Sensor_Classdef5PR_F8Ev)
    Sensor_Classdef::PR_Updata()             0x08007251   Thumb Code    70  service_sensor.o(i._ZN15Sensor_Classdef9PR_UpdataEv)
    Lift_Motor_Classdef::Lift_Death()        0x08007299   Thumb Code    60  service_motor.o(i._ZN19Lift_Motor_Classdef10Lift_DeathEv)
    Lift_Motor_Classdef::Lift_Judge(float)   0x080072e1   Thumb Code    88  service_motor.o(i._ZN19Lift_Motor_Classdef10Lift_JudgeEf)
    Lift_Motor_Classdef::Lift_Adjust(unsigned char, unsigned char) 0x08007345   Thumb Code   556  service_motor.o(i._ZN19Lift_Motor_Classdef11Lift_AdjustEhh)
    Lift_Motor_Classdef::Test_jl_Lift()      0x0800757d   Thumb Code    36  service_motor.o(i._ZN19Lift_Motor_Classdef12Test_jl_LiftEv)
    Lift_Motor_Classdef::Negative_Lift()     0x080075a1   Thumb Code   350  service_motor.o(i._ZN19Lift_Motor_Classdef13Negative_LiftEv)
    Lift_Motor_Classdef::Lift_None_Judge()   0x0800770d   Thumb Code    20  service_motor.o(i._ZN19Lift_Motor_Classdef15Lift_None_JudgeEv)
    Lift_Motor_Classdef::Lift_POST_Reset()   0x08007721   Thumb Code   148  service_motor.o(i._ZN19Lift_Motor_Classdef15Lift_POST_ResetEv)
    Lift_Motor_Classdef::First_Stage_Lift()  0x080077c9   Thumb Code    36  service_motor.o(i._ZN19Lift_Motor_Classdef16First_Stage_LiftEv)
    Lift_Motor_Classdef::Lift_First_Judge()  0x080077ed   Thumb Code    20  service_motor.o(i._ZN19Lift_Motor_Classdef16Lift_First_JudgeEv)
    Lift_Motor_Classdef::Lift_Third_Judge()  0x08007801   Thumb Code    20  service_motor.o(i._ZN19Lift_Motor_Classdef16Lift_Third_JudgeEv)
    Lift_Motor_Classdef::Take_BigBox_Lift()  0x08007815   Thumb Code    36  service_motor.o(i._ZN19Lift_Motor_Classdef16Take_BigBox_LiftEv)
    Lift_Motor_Classdef::Third_Stage_Lift()  0x08007839   Thumb Code    36  service_motor.o(i._ZN19Lift_Motor_Classdef16Third_Stage_LiftEv)
    Lift_Motor_Classdef::Exchange_Box_Lift() 0x0800785d   Thumb Code    36  service_motor.o(i._ZN19Lift_Motor_Classdef17Exchange_Box_LiftEv)
    Lift_Motor_Classdef::Lift_Second_Judge() 0x08007881   Thumb Code    20  service_motor.o(i._ZN19Lift_Motor_Classdef17Lift_Second_JudgeEv)
    Lift_Motor_Classdef::Second_Stage_Lift() 0x08007895   Thumb Code    36  service_motor.o(i._ZN19Lift_Motor_Classdef17Second_Stage_LiftEv)
    Lift_Motor_Classdef::Lift_Test_jl_Judge() 0x080078b9   Thumb Code    20  service_motor.o(i._ZN19Lift_Motor_Classdef18Lift_Test_jl_JudgeEv)
    Lift_Motor_Classdef::Take_SmallBox_Lift() 0x080078cd   Thumb Code    36  service_motor.o(i._ZN19Lift_Motor_Classdef18Take_SmallBox_LiftEv)
    Lift_Motor_Classdef::Vision_BigBox_Lift() 0x080078f1   Thumb Code    36  service_motor.o(i._ZN19Lift_Motor_Classdef18Vision_BigBox_LiftEv)
    Lift_Motor_Classdef::Lift_Negative_Judge() 0x08007915   Thumb Code    20  service_motor.o(i._ZN19Lift_Motor_Classdef19Lift_Negative_JudgeEv)
    Lift_Motor_Classdef::Lift_Take_BigBox_Judge() 0x08007929   Thumb Code    20  service_motor.o(i._ZN19Lift_Motor_Classdef22Lift_Take_BigBox_JudgeEv)
    Lift_Motor_Classdef::Lift_Exchange_Box_Judge() 0x0800793d   Thumb Code    20  service_motor.o(i._ZN19Lift_Motor_Classdef23Lift_Exchange_Box_JudgeEv)
    Lift_Motor_Classdef::Lift_Take_SmallBox_Judge() 0x08007951   Thumb Code    20  service_motor.o(i._ZN19Lift_Motor_Classdef24Lift_Take_SmallBox_JudgeEv)
    Lift_Motor_Classdef::Lift_Vision_BigBox_Judge() 0x08007965   Thumb Code    20  service_motor.o(i._ZN19Lift_Motor_Classdef24Lift_Vision_BigBox_JudgeEv)
    Lift_Motor_Classdef::Lift_Life()         0x08007979   Thumb Code    60  service_motor.o(i._ZN19Lift_Motor_Classdef9Lift_LifeEv)
    Lift_Motor_Classdef::Lift_POST()         0x080079c5   Thumb Code   452  service_motor.o(i._ZN19Lift_Motor_Classdef9Lift_POSTEv)
    Lift_Motor_Classdef::Lift_Stop()         0x08007ba9   Thumb Code    24  service_motor.o(i._ZN19Lift_Motor_Classdef9Lift_StopEv)
    Lift_Motor_Classdef::None_Lift()         0x08007bc5   Thumb Code   358  service_motor.o(i._ZN19Lift_Motor_Classdef9None_LiftEv)
    Lift_Motor_Classdef::Step_Lift(float, float, float) 0x08007d3d   Thumb Code   438  service_motor.o(i._ZN19Lift_Motor_Classdef9Step_LiftEfff)
    Lift_Motor_Classdef::Lift_Motor_Classdef() 0x08007f01   Thumb Code   160  system_datapool.o(i._ZN19Lift_Motor_ClassdefC1Ev)
    Lift_Motor_Classdef::Lift_Motor_Classdef__sub_object() 0x08007f01   Thumb Code     0  system_datapool.o(i._ZN19Lift_Motor_ClassdefC1Ev)
    Turn_Motor_Classdef::Turn_Death()        0x08007fe1   Thumb Code    32  service_motor.o(i._ZN19Turn_Motor_Classdef10Turn_DeathEv)
    Turn_Motor_Classdef::Turn_to_QR(unsigned char) 0x0800800d   Thumb Code   138  service_motor.o(i._ZN19Turn_Motor_Classdef10Turn_to_QREh)
    Turn_Motor_Classdef::Turn_Life()         0x080080a1   Thumb Code    32  service_motor.o(i._ZN19Turn_Motor_Classdef9Turn_LifeEv)
    Turn_Motor_Classdef::Turn_Stop()         0x080080cd   Thumb Code    12  service_motor.o(i._ZN19Turn_Motor_Classdef9Turn_StopEv)
    Extend_Motor_Classdef::Extend_POST()     0x080080dd   Thumb Code   212  service_motor.o(i._ZN21Extend_Motor_Classdef11Extend_POSTEv)
    Extend_Motor_Classdef::Extend_Step(float, float, float) 0x080081c9   Thumb Code   210  service_motor.o(i._ZN21Extend_Motor_Classdef11Extend_StepEfff)
    Extend_Motor_Classdef::Extend_Stop()     0x080082a5   Thumb Code    20  service_motor.o(i._ZN21Extend_Motor_Classdef11Extend_StopEv)
    Extend_Motor_Classdef::Extend_Judge(float) 0x080082bd   Thumb Code    88  service_motor.o(i._ZN21Extend_Motor_Classdef12Extend_JudgeEf)
    Extend_Motor_Classdef::Mini_Extension()  0x0800831d   Thumb Code    28  service_motor.o(i._ZN21Extend_Motor_Classdef14Mini_ExtensionEv)
    Extend_Motor_Classdef::None_Extension()  0x08008341   Thumb Code    28  service_motor.o(i._ZN21Extend_Motor_Classdef14None_ExtensionEv)
    Extend_Motor_Classdef::Extend_Mini_Judge() 0x08008365   Thumb Code    20  service_motor.o(i._ZN21Extend_Motor_Classdef17Extend_Mini_JudgeEv)
    Extend_Motor_Classdef::Extend_None_Judge() 0x08008379   Thumb Code    20  service_motor.o(i._ZN21Extend_Motor_Classdef17Extend_None_JudgeEv)
    Extend_Motor_Classdef::Extend_First_Judge() 0x0800838d   Thumb Code    20  service_motor.o(i._ZN21Extend_Motor_Classdef18Extend_First_JudgeEv)
    Extend_Motor_Classdef::Extend_Third_Judge() 0x080083a1   Thumb Code    20  service_motor.o(i._ZN21Extend_Motor_Classdef18Extend_Third_JudgeEv)
    Extend_Motor_Classdef::Negative_Extension() 0x080083b5   Thumb Code    28  service_motor.o(i._ZN21Extend_Motor_Classdef18Negative_ExtensionEv)
    Extend_Motor_Classdef::Extend_Second_Judge() 0x080083d9   Thumb Code    20  service_motor.o(i._ZN21Extend_Motor_Classdef19Extend_Second_JudgeEv)
    Extend_Motor_Classdef::Extend_Negative_Judge() 0x080083ed   Thumb Code    20  service_motor.o(i._ZN21Extend_Motor_Classdef21Extend_Negative_JudgeEv)
    Extend_Motor_Classdef::First_Stage_Extension() 0x08008401   Thumb Code    28  service_motor.o(i._ZN21Extend_Motor_Classdef21First_Stage_ExtensionEv)
    Extend_Motor_Classdef::Third_Stage_Extension() 0x08008421   Thumb Code    28  service_motor.o(i._ZN21Extend_Motor_Classdef21Third_Stage_ExtensionEv)
    Extend_Motor_Classdef::Second_Stage_Extension() 0x08008441   Thumb Code    28  service_motor.o(i._ZN21Extend_Motor_Classdef22Second_Stage_ExtensionEv)
    Rotate_Motor_Classdef::Rotate_Hor()      0x08008461   Thumb Code    44  service_motor.o(i._ZN21Rotate_Motor_Classdef10Rotate_HorEv)
    Rotate_Motor_Classdef::Rotate_Top()      0x0800848d   Thumb Code    44  service_motor.o(i._ZN21Rotate_Motor_Classdef10Rotate_TopEv)
    Rotate_Motor_Classdef::Rotate_POST()     0x080084b9   Thumb Code   212  service_motor.o(i._ZN21Rotate_Motor_Classdef11Rotate_POSTEv)
    Rotate_Motor_Classdef::Rotate_Push()     0x080085a5   Thumb Code    44  service_motor.o(i._ZN21Rotate_Motor_Classdef11Rotate_PushEv)
    Rotate_Motor_Classdef::Rotate_Step(float, float, float, float) 0x080085d1   Thumb Code   322  service_motor.o(i._ZN21Rotate_Motor_Classdef11Rotate_StepEffff)
    Rotate_Motor_Classdef::Rotate_Stop()     0x0800871d   Thumb Code    20  service_motor.o(i._ZN21Rotate_Motor_Classdef11Rotate_StopEv)
    Rotate_Motor_Classdef::Rotate_Judge(float) 0x08008735   Thumb Code    88  service_motor.o(i._ZN21Rotate_Motor_Classdef12Rotate_JudgeEf)
    Rotate_Motor_Classdef::Rotate_Limit()    0x08008795   Thumb Code    44  service_motor.o(i._ZN21Rotate_Motor_Classdef12Rotate_LimitEv)
    Rotate_Motor_Classdef::Rotate_Topper()   0x080087c1   Thumb Code   254  service_motor.o(i._ZN21Rotate_Motor_Classdef13Rotate_TopperEv)
    Rotate_Motor_Classdef::Rotate_Exchange() 0x080088c5   Thumb Code    44  service_motor.o(i._ZN21Rotate_Motor_Classdef15Rotate_ExchangeEv)
    Rotate_Motor_Classdef::Rotate_SmallBox() 0x080088f1   Thumb Code    44  service_motor.o(i._ZN21Rotate_Motor_Classdef15Rotate_SmallBoxEv)
    Rotate_Motor_Classdef::Rotate_Hor_Judge() 0x0800891d   Thumb Code    20  service_motor.o(i._ZN21Rotate_Motor_Classdef16Rotate_Hor_JudgeEv)
    Rotate_Motor_Classdef::Rotate_Top_Judge() 0x08008931   Thumb Code    20  service_motor.o(i._ZN21Rotate_Motor_Classdef16Rotate_Top_JudgeEv)
    Rotate_Motor_Classdef::Rotate_Back_Start() 0x08008945   Thumb Code   422  service_motor.o(i._ZN21Rotate_Motor_Classdef17Rotate_Back_StartEv)
    Rotate_Motor_Classdef::Rotate_Limit_Judge() 0x08008af1   Thumb Code    20  service_motor.o(i._ZN21Rotate_Motor_Classdef18Rotate_Limit_JudgeEv)
    Rotate_Motor_Classdef::Rotate_Start_Judge() 0x08008b05   Thumb Code    20  service_motor.o(i._ZN21Rotate_Motor_Classdef18Rotate_Start_JudgeEv)
    Rotate_Motor_Classdef::Rotate_Topper_Judge() 0x08008b19   Thumb Code    20  service_motor.o(i._ZN21Rotate_Motor_Classdef19Rotate_Topper_JudgeEv)
    Rotate_Motor_Classdef::Rotate_ExchangeAgain() 0x08008b2d   Thumb Code    44  service_motor.o(i._ZN21Rotate_Motor_Classdef20Rotate_ExchangeAgainEv)
    Rotate_Motor_Classdef::Rotate_Exchange_Judge() 0x08008b59   Thumb Code    20  service_motor.o(i._ZN21Rotate_Motor_Classdef21Rotate_Exchange_JudgeEv)
    Rotate_Motor_Classdef::Rotate_SmallBox_Judge() 0x08008b6d   Thumb Code    20  service_motor.o(i._ZN21Rotate_Motor_Classdef21Rotate_SmallBox_JudgeEv)
    Rotate_Motor_Classdef::Rotate_ExchangeAgain_Judge() 0x08008b81   Thumb Code    20  service_motor.o(i._ZN21Rotate_Motor_Classdef26Rotate_ExchangeAgain_JudgeEv)
    Rotate_Motor_Classdef::Rotate_Motor_Classdef() 0x08008b95   Thumb Code   178  system_datapool.o(i._ZN21Rotate_Motor_ClassdefC1Ev)
    Rotate_Motor_Classdef::Rotate_Motor_Classdef__sub_object() 0x08008b95   Thumb Code     0  system_datapool.o(i._ZN21Rotate_Motor_ClassdefC1Ev)
    myPID::SetPIDParam(float, float, float, float, float) 0x08009441   Thumb Code    22  service_motor.o(i._ZN5myPID11SetPIDParamEfffff)
    myPID::Adjust()                          0x08009459   Thumb Code   616  pid.o(i._ZN5myPID6AdjustEv)
    myPID::myPID()                           0x080096c5   Thumb Code   198  service_motor.o(i._ZN5myPIDC1Ev)
    myPID::myPID__sub_object()               0x080096c5   Thumb Code     0  service_motor.o(i._ZN5myPIDC1Ev)
    myPID::~myPID()                          0x08009799   Thumb Code    20  service_motor.o(i._ZN5myPIDD1Ev)
    myPID::~myPID__sub_object()              0x08009799   Thumb Code     0  service_motor.o(i._ZN5myPIDD1Ev)
    MotorBase::update_angle(unsigned char*)  0x080097ad   Thumb Code   190  service_motor.o(i._ZN9MotorBase12update_angleEPh)
    MotorSpeed::getSpeed() const             0x08009875   Thumb Code    14  service_motor.o(i._ZNK10MotorSpeed8getSpeedEv)
    Motor_C620::getGivenCurrent() const      0x08009883   Thumb Code     8  service_motor.o(i._ZNK10Motor_C62015getGivenCurrentEv)
    MotorBase::ENCODER_ANGLE_RATIO() const   0x0800988d   Thumb Code     6  service_motor.o(i._ZNK9MotorBase19ENCODER_ANGLE_RATIOEv)
    std::abs(float)                          0x08009899   Thumb Code    10  service_motor.o(i._ZSt3absf)
    __aeabi_vec_ctor_nocookie_nodtor         0x080098a3   Thumb Code    36  aeabi_vec_ctor_nocookie_nodtor.o(i.__aeabi_vec_ctor_nocookie_nodtor)
    __cxa_guard_acquire                      0x080098c7   Thumb Code    16  cxa_guard_acquire.o(i.__cxa_guard_acquire)
    __scatterload_copy                       0x080098d7   Thumb Code    14  handlers.o(i.__scatterload_copy)
    __scatterload_null                       0x080098e5   Thumb Code     2  handlers.o(i.__scatterload_null)
    __scatterload_zeroinit                   0x080098e7   Thumb Code    14  handlers.o(i.__scatterload_zeroinit)
    free                                     0x080099e9   Thumb Code    76  malloc.o(i.free)
    main                                     0x08009a39   Thumb Code    84  main.o(i.main)
    malloc                                   0x08009aa5   Thumb Code    92  malloc.o(i.malloc)
    osKernelStart                            0x08009b11   Thumb Code    10  cmsis_os.o(i.osKernelStart)
    osThreadCreate                           0x08009b1b   Thumb Code    94  cmsis_os.o(i.osThreadCreate)
    osThreadTerminate                        0x08009b79   Thumb Code    14  cmsis_os.o(i.osThreadTerminate)
    pvPortMalloc                             0x0800a191   Thumb Code   296  heap_4.o(i.pvPortMalloc)
    pxPortInitialiseStack                    0x0800a2cd   Thumb Code    38  port.o(i.pxPortInitialiseStack)
    uxListRemove                             0x0800a2f9   Thumb Code    40  list.o(i.uxListRemove)
    vApplicationGetIdleTaskMemory            0x0800a321   Thumb Code    14  freertos.o(i.vApplicationGetIdleTaskMemory)
    vListInitialise                          0x0800a339   Thumb Code    26  list.o(i.vListInitialise)
    vListInitialiseItem                      0x0800a353   Thumb Code     6  list.o(i.vListInitialiseItem)
    vListInsert                              0x0800a359   Thumb Code    52  list.o(i.vListInsert)
    vListInsertEnd                           0x0800a38d   Thumb Code    24  list.o(i.vListInsertEnd)
    vPortEnterCritical                       0x0800a3a5   Thumb Code    76  port.o(i.vPortEnterCritical)
    vPortExitCritical                        0x0800a3f9   Thumb Code    56  port.o(i.vPortExitCritical)
    vPortFree                                0x0800a435   Thumb Code   140  heap_4.o(i.vPortFree)
    vPortSetupTimerInterrupt                 0x0800a4c9   Thumb Code    36  port.o(i.vPortSetupTimerInterrupt)
    vPortValidateInterruptPriority           0x0800a4f1   Thumb Code   106  port.o(i.vPortValidateInterruptPriority)
    vTaskDelayUntil                          0x0800a569   Thumb Code   200  tasks.o(i.vTaskDelayUntil)
    vTaskDelete                              0x0800a63d   Thumb Code   202  tasks.o(i.vTaskDelete)
    vTaskInternalSetTimeOutState             0x0800a731   Thumb Code    14  tasks.o(i.vTaskInternalSetTimeOutState)
    vTaskMissedYield                         0x0800a749   Thumb Code     8  tasks.o(i.vTaskMissedYield)
    vTaskPlaceOnEventList                    0x0800a755   Thumb Code    52  tasks.o(i.vTaskPlaceOnEventList)
    vTaskStartScheduler                      0x0800a78d   Thumb Code   146  tasks.o(i.vTaskStartScheduler)
    vTaskSuspendAll                          0x0800a83d   Thumb Code    12  tasks.o(i.vTaskSuspendAll)
    vTaskSwitchContext                       0x0800a84d   Thumb Code   118  tasks.o(i.vTaskSwitchContext)
    xPortStartScheduler                      0x0800a8d9   Thumb Code   330  port.o(i.xPortStartScheduler)
    xQueueGenericCreate                      0x0800aa41   Thumb Code    96  queue.o(i.xQueueGenericCreate)
    xQueueGenericReset                       0x0800aaa1   Thumb Code   146  queue.o(i.xQueueGenericReset)
    xQueueGenericSend                        0x0800ab39   Thumb Code   420  queue.o(i.xQueueGenericSend)
    xQueueGenericSendFromISR                 0x0800ace1   Thumb Code   248  queue.o(i.xQueueGenericSendFromISR)
    xQueueReceive                            0x0800add9   Thumb Code   356  queue.o(i.xQueueReceive)
    xTaskCheckForTimeOut                     0x0800af41   Thumb Code   132  tasks.o(i.xTaskCheckForTimeOut)
    xTaskCreate                              0x0800afcd   Thumb Code   100  tasks.o(i.xTaskCreate)
    xTaskCreateStatic                        0x0800b031   Thumb Code   186  tasks.o(i.xTaskCreateStatic)
    xTaskGenericNotify                       0x0800b0ed   Thumb Code   280  tasks.o(i.xTaskGenericNotify)
    xTaskGetSchedulerState                   0x0800b215   Thumb Code    24  tasks.o(i.xTaskGetSchedulerState)
    xTaskGetTickCount                        0x0800b235   Thumb Code     6  tasks.o(i.xTaskGetTickCount)
    xTaskIncrementTick                       0x0800b241   Thumb Code   282  tasks.o(i.xTaskIncrementTick)
    xTaskNotifyWait                          0x0800b389   Thumb Code   150  tasks.o(i.xTaskNotifyWait)
    xTaskPriorityDisinherit                  0x0800b429   Thumb Code   188  tasks.o(i.xTaskPriorityDisinherit)
    xTaskRemoveFromEventList                 0x0800b4f1   Thumb Code   128  tasks.o(i.xTaskRemoveFromEventList)
    xTaskResumeAll                           0x0800b589   Thumb Code   224  tasks.o(i.xTaskResumeAll)
    T1 myConstrain<float>(T1, T1, T1)        0x0800b68d   Thumb Code    42  service_motor.o(t._Z11myConstrainIfET_S0_S0_S0_)
    void _pid_Constrain<float>(T1*, T1, T1)  0x0800b6b7   Thumb Code    40  pid.o(t._Z14_pid_ConstrainIfEvPT_S0_S0_)
    T1 _pid_Abs<float>(T1)                   0x0800b6df   Thumb Code    26  pid.o(t._Z8_pid_AbsIfET_S0_)
    AHBPrescTable                            0x0800b714   Data          16  system_stm32f4xx.o(.constdata)
    APBPrescTable                            0x0800b724   Data           8  system_stm32f4xx.o(.constdata)
    vtable for MotorSpeed                    0x0800b734   Data          44  service_motor.o(.constdata__ZTV10MotorSpeed)
    vtable for Motor_C610                    0x0800b760   Data          52  service_motor.o(.constdata__ZTV10Motor_C610)
    vtable for Motor_C620                    0x0800b794   Data          52  service_motor.o(.constdata__ZTV10Motor_C620)
    vtable for MotorBase                     0x0800b7c8   Data          40  service_motor.o(.constdata__ZTV9MotorBase)
    Region$$Table$$Base                      0x0800b7fc   Number         0  anon$$obj.o(Region$$Table)
    Region$$Table$$Limit                     0x0800b81c   Number         0  anon$$obj.o(Region$$Table)
    SHT$$INIT_ARRAY$$Base                    0x0800b81c   Number         0  system_datapool.o(.init_array)
    SHT$$INIT_ARRAY$$Limit                   0x0800b824   Number         0  cpp_init.o(.init_array)
    TopPOST_Handle                           0x20000000   Data           4  system_tasks.o(.data)
    TopCom_Handle                            0x20000004   Data           4  system_tasks.o(.data)
    ActionCtrl_Handle                        0x20000008   Data           4  system_tasks.o(.data)
    BoardCom_Handle                          0x2000000c   Data           4  system_tasks.o(.data)
    ModeSelection_Handle                     0x20000010   Data           4  system_tasks.o(.data)
    OfflineCtrl_Handle                       0x20000014   Data           4  system_tasks.o(.data)
    SystemReset_Handle                       0x20000018   Data           4  system_tasks.o(.data)
    test_TX                                  0x2000001c   Data           8  system_tasks.o(.data)
    test_Num                                 0x20000028   Data           8  system_tasks.o(.data)
    flag                                     0x20000030   Data           1  system_tasks.o(.data)
    Engineer_Sensor                          0x20000098   Data           8  system_datapool.o(.data)
    Engineer_Relay                           0x200000a0   Data           4  system_datapool.o(.data)
    DR16_RX_QueueHandle                      0x200000a4   Data           4  system_datapool.o(.data)
    Vision_RX_QueueHandle                    0x200000a8   Data           4  system_datapool.o(.data)
    Key_RX_QueueHandle                       0x200000ac   Data           4  system_datapool.o(.data)
    UI_TX_QueueHandle                        0x200000b0   Data           4  system_datapool.o(.data)
    SystemReset_flag                         0x200000b4   Data           1  system_datapool.o(.data)
    TopPOST_flag                             0x200000b5   Data           1  system_datapool.o(.data)
    defaultTaskHandle                        0x200000b8   Data           4  main.o(.data)
    Vision_DataPack                          0x200000c0   Data           5  service_communication.o(.data)
    abc_flag                                 0x200000c8   Data           8  service_motor.o(.data)
    Relay_Time                               0x200000d0   Data           4  service_relay.o(.data)
    myPIDTimer::Get_SystemTick               0x200000d4   Data           4  pid.o(.data)
    pxCurrentTCB                             0x200000d8   Data           4  tasks.o(.data)
    SystemTimerCnt                           0x2000013c   Data           4  drv_timer.o(.data)
    Timer_Manager                            0x20000140   Data           8  drv_timer.o(.data)
    SystemCoreClock                          0x20000150   Data           4  system_stm32f4xx.o(.data)
    uwTick                                   0x20000154   Data           4  stm32f4xx_hal.o(.data)
    uwTickPrio                               0x20000158   Data           4  stm32f4xx_hal.o(.data)
    uwTickFreq                               0x2000015c   Data           1  stm32f4xx_hal.o(.data)
    __microlib_freelist                      0x20000164   Data           4  mvars.o(.data)
    __microlib_freelist_initialised          0x20000168   Data           4  mvars.o(.data)
    Engineer_DR16                            0x20000170   Data         164  system_datapool.o(.bss)
    Engineer_Motor                           0x20000214   Data         272  system_datapool.o(.bss)
    Engineer_Auto                            0x20000324   Data          12  system_datapool.o(.bss)
    Engineer_Action                          0x20000330   Data          24  system_datapool.o(.bss)
    Engineer_Box                             0x20000348   Data          24  system_datapool.o(.bss)
    Uart1_Rx_Buff                            0x20000360   Data          64  system_datapool.o(.bss)
    Uart2_Rx_Buff                            0x200003a0   Data          64  system_datapool.o(.bss)
    Uart3_Rx_Buff                            0x200003e0   Data          64  system_datapool.o(.bss)
    Uart4_Rx_Buff                            0x20000420   Data          64  system_datapool.o(.bss)
    Uart6_Rx_Buff                            0x20000460   Data          64  system_datapool.o(.bss)
    hcan1                                    0x200004a0   Data          40  main.o(.bss)
    hcan2                                    0x200004c8   Data          40  main.o(.bss)
    htim4                                    0x200004f0   Data          64  main.o(.bss)
    huart4                                   0x20000530   Data          64  main.o(.bss)
    huart1                                   0x20000570   Data          64  main.o(.bss)
    huart2                                   0x200005b0   Data          64  main.o(.bss)
    huart3                                   0x200005f0   Data          64  main.o(.bss)
    huart6                                   0x20000630   Data          64  main.o(.bss)
    hdma_uart4_rx                            0x20000670   Data          96  main.o(.bss)
    hdma_uart4_tx                            0x200006d0   Data          96  main.o(.bss)
    hdma_usart1_rx                           0x20000730   Data          96  main.o(.bss)
    hdma_usart1_tx                           0x20000790   Data          96  main.o(.bss)
    hdma_usart2_rx                           0x200007f0   Data          96  main.o(.bss)
    hdma_usart3_rx                           0x20000850   Data          96  main.o(.bss)
    hdma_usart3_tx                           0x200008b0   Data          96  main.o(.bss)
    hdma_usart6_rx                           0x20000910   Data          96  main.o(.bss)
    hdma_usart6_tx                           0x20000970   Data          96  main.o(.bss)
    htim7                                    0x20000c24   Data          64  stm32f4xx_hal_timebase_tim.o(.bss)
    Key_DataPack                             0x20000c64   Data          16  service_communication.o(.bss)
    KeyFlag                                  0x20000c74   Data          36  service_communication.o(.bss)
    LeftExtendMotor                          0x20000c98   Data          40  service_motor.o(.bss)
    RightExtendMotor                         0x20000cc0   Data          40  service_motor.o(.bss)
    LeftRotateMotor                          0x20000ce8   Data          44  service_motor.o(.bss)
    RightRotateMotor                         0x20000d14   Data          44  service_motor.o(.bss)
    LeftLiftMotor                            0x20000d40   Data          44  service_motor.o(.bss)
    RightLiftMotor                           0x20000d6c   Data          44  service_motor.o(.bss)
    TurnMotor                                0x20000d98   Data          40  service_motor.o(.bss)
    MotorPID                                 0x20000dc0   Data        2240  service_motor.o(.bss)
    usart4_manage_obj                        0x20005370   Data          16  drv_uart.o(.bss)
    usart5_manage_obj                        0x20005380   Data          16  drv_uart.o(.bss)
    usart1_manage_obj                        0x20005390   Data          16  drv_uart.o(.bss)
    usart2_manage_obj                        0x200053a0   Data          16  drv_uart.o(.bss)
    usart3_manage_obj                        0x200053b0   Data          16  drv_uart.o(.bss)
    usart6_manage_obj                        0x200053c0   Data          16  drv_uart.o(.bss)
    __heap_base                              0x20005448   Data           0  startup_stm32f405xx.o(HEAP)
    __heap_limit                             0x20005648   Data           0  startup_stm32f405xx.o(HEAP)
    __initial_sp                             0x20005a48   Data           0  startup_stm32f405xx.o(STACK)



==============================================================================

Memory Map of the image

  Image Entry point : 0x08000189

  Load Region LR_IROM1 (Base: 0x08000000, Size: 0x0000b990, Max: 0x00100000, ABSOLUTE, COMPRESSED[0x0000b844])

    Execution Region ER_IROM1 (Exec base: 0x08000000, Load base: 0x08000000, Size: 0x0000b824, Max: 0x00100000, ABSOLUTE)

    Exec Addr    Load Addr    Size         Type   Attr      Idx    E Section Name        Object

    0x08000000   0x08000000   0x00000188   Data   RO         1145    RESET               startup_stm32f405xx.o
    0x08000188   0x08000188   0x00000000   Code   RO         8352  * .ARM.Collect$$$$00000000  mc_w.l(entry.o)
    0x08000188   0x08000188   0x00000004   Code   RO         8398    .ARM.Collect$$$$00000001  mc_w.l(entry2.o)
    0x0800018c   0x0800018c   0x00000004   Code   RO         8401    .ARM.Collect$$$$00000004  mc_w.l(entry5.o)
    0x08000190   0x08000190   0x00000000   Code   RO         8403    .ARM.Collect$$$$00000008  mc_w.l(entry7b.o)
    0x08000190   0x08000190   0x00000004   Code   RO         8404    .ARM.Collect$$$$00000009  mc_w.l(entry8a.o)
    0x08000194   0x08000194   0x00000000   Code   RO         8405    .ARM.Collect$$$$0000000A  mc_w.l(entry8b.o)
    0x08000194   0x08000194   0x00000008   Code   RO         8406    .ARM.Collect$$$$0000000B  mc_w.l(entry9a.o)
    0x0800019c   0x0800019c   0x00000000   Code   RO         8408    .ARM.Collect$$$$0000000D  mc_w.l(entry10a.o)
    0x0800019c   0x0800019c   0x00000004   Code   RO         8409    .ARM.Collect$$$$0000000E  mc_w.l(entry10b.o)
    0x080001a0   0x080001a0   0x00000000   Code   RO         8410    .ARM.Collect$$$$0000000F  mc_w.l(entry11a.o)
    0x080001a0   0x080001a0   0x00000004   Code   RO         8399    .ARM.Collect$$$$00002712  mc_w.l(entry2.o)
    0x080001a4   0x080001a4   0x000000be   Code   RO         4507    .emb_text           port.o
    0x08000262   0x08000262   0x00000002   PAD
    0x08000264   0x08000264   0x00000024   Code   RO         1146    .text               startup_stm32f405xx.o
    0x08000288   0x08000288   0x00000022   Code   RO         8346    .text               cpprt_w.l(aeabi_vec_dtor_noexceptions.o)
    0x080002aa   0x080002aa   0x00000062   Code   RO         8355    .text               mc_w.l(uldiv.o)
    0x0800030c   0x0800030c   0x00000024   Code   RO         8357    .text               mc_w.l(memcpya.o)
    0x08000330   0x08000330   0x00000024   Code   RO         8361    .text               mc_w.l(memseta.o)
    0x08000354   0x08000354   0x00000020   Code   RO         8368    .text               mc_w.l(cpp_init.o)
    0x08000374   0x08000374   0x0000002e   Code   RO         8370    .text               mc_w.l(aeabi_atexit.o)
    0x080003a2   0x080003a2   0x0000014e   Code   RO         8372    .text               mf_w.l(dadd.o)
    0x080004f0   0x080004f0   0x0000002c   Code   RO         8376    .text               mf_w.l(ffixul.o)
    0x0800051c   0x0800051c   0x00000026   Code   RO         8378    .text               mf_w.l(f2d.o)
    0x08000542   0x08000542   0x00000002   PAD
    0x08000544   0x08000544   0x00000030   Code   RO         8380    .text               mf_w.l(cdcmple.o)
    0x08000574   0x08000574   0x0000001e   Code   RO         8412    .text               mc_w.l(llshl.o)
    0x08000592   0x08000592   0x00000020   Code   RO         8414    .text               mc_w.l(llushr.o)
    0x080005b2   0x080005b2   0x00000024   Code   RO         8416    .text               mc_w.l(llsshr.o)
    0x080005d6   0x080005d6   0x00000000   Code   RO         8446    .text               mc_w.l(iusefp.o)
    0x080005d6   0x080005d6   0x00000002   PAD
    0x080005d8   0x080005d8   0x00000008   Code   RO         8447    .text               mc_w.l(cpp_dtor.o)
    0x080005e0   0x080005e0   0x00000042   Code   RO         8452    .text               mc_w.l(cxa_finalize.o)
    0x08000622   0x08000622   0x000000ba   Code   RO         8456    .text               mf_w.l(depilogue.o)
    0x080006dc   0x080006dc   0x00000024   Code   RO         8474    .text               mc_w.l(init.o)
    0x08000700   0x08000700   0x00000002   Code   RO         8478    .text               mc_w.l(cpp_final.o)
    0x08000702   0x08000702   0x00000056   Code   RO         8505    .text               mc_w.l(__dczerorl2.o)
    0x08000758   0x08000758   0x0000001c   Code   RO         1529    i.<Func5>           service_motor.o
    0x08000774   0x08000774   0x00000004   Code   RO          847    i.BusFault_Handler  stm32f4xx_it.o
    0x08000778   0x08000778   0x00000010   Code   RO          848    i.CAN1_RX0_IRQHandler  stm32f4xx_it.o
    0x08000788   0x08000788   0x00000010   Code   RO          849    i.CAN1_RX1_IRQHandler  stm32f4xx_it.o
    0x08000798   0x08000798   0x00000010   Code   RO          850    i.CAN1_TX_IRQHandler  stm32f4xx_it.o
    0x080007a8   0x080007a8   0x00000010   Code   RO          851    i.CAN2_RX0_IRQHandler  stm32f4xx_it.o
    0x080007b8   0x080007b8   0x00000010   Code   RO          852    i.CAN2_RX1_IRQHandler  stm32f4xx_it.o
    0x080007c8   0x080007c8   0x00000010   Code   RO          853    i.CAN2_TX_IRQHandler  stm32f4xx_it.o
    0x080007d8   0x080007d8   0x0000006e   Code   RO         4914    i.CAN_Filter_Mask_Config  drv_can.o
    0x08000846   0x08000846   0x00000002   PAD
    0x08000848   0x08000848   0x00000058   Code   RO         4915    i.CAN_Init          drv_can.o
    0x080008a0   0x080008a0   0x00000034   Code   RO         4916    i.CANx_SendData     drv_can.o
    0x080008d4   0x080008d4   0x00000010   Code   RO          854    i.DMA1_Stream1_IRQHandler  stm32f4xx_it.o
    0x080008e4   0x080008e4   0x00000010   Code   RO          855    i.DMA1_Stream2_IRQHandler  stm32f4xx_it.o
    0x080008f4   0x080008f4   0x00000010   Code   RO          856    i.DMA1_Stream3_IRQHandler  stm32f4xx_it.o
    0x08000904   0x08000904   0x00000010   Code   RO          857    i.DMA1_Stream4_IRQHandler  stm32f4xx_it.o
    0x08000914   0x08000914   0x00000010   Code   RO          858    i.DMA1_Stream5_IRQHandler  stm32f4xx_it.o
    0x08000924   0x08000924   0x00000010   Code   RO          859    i.DMA2_Stream1_IRQHandler  stm32f4xx_it.o
    0x08000934   0x08000934   0x00000010   Code   RO          860    i.DMA2_Stream2_IRQHandler  stm32f4xx_it.o
    0x08000944   0x08000944   0x00000010   Code   RO          861    i.DMA2_Stream6_IRQHandler  stm32f4xx_it.o
    0x08000954   0x08000954   0x00000010   Code   RO          862    i.DMA2_Stream7_IRQHandler  stm32f4xx_it.o
    0x08000964   0x08000964   0x00000002   Code   RO          863    i.DebugMon_Handler  stm32f4xx_it.o
    0x08000966   0x08000966   0x00000002   Code   RO          555    i.Error_Handler     main.o
    0x08000968   0x08000968   0x00000004   Code   RO         4769    i.Error_Handler     drv_uart.o
    0x0800096c   0x0800096c   0x00000004   Code   RO         4858    i.Error_Handler     drv_timer.o
    0x08000970   0x08000970   0x0000001c   Code   RO         4859    i.Get_SystemTimer   drv_timer.o
    0x0800098c   0x0800098c   0x00000156   Code   RO         5144    i.HAL_CAN_AddTxMessage  stm32f4xx_hal_can.o
    0x08000ae2   0x08000ae2   0x00000002   PAD
    0x08000ae4   0x08000ae4   0x00000124   Code   RO         5145    i.HAL_CAN_ConfigFilter  stm32f4xx_hal_can.o
    0x08000c08   0x08000c08   0x00000002   Code   RO         5148    i.HAL_CAN_ErrorCallback  stm32f4xx_hal_can.o
    0x08000c0a   0x08000c0a   0x0000017a   Code   RO         5151    i.HAL_CAN_GetRxMessage  stm32f4xx_hal_can.o
    0x08000d84   0x08000d84   0x0000024e   Code   RO         5155    i.HAL_CAN_IRQHandler  stm32f4xx_hal_can.o
    0x08000fd2   0x08000fd2   0x00000174   Code   RO         5156    i.HAL_CAN_Init      stm32f4xx_hal_can.o
    0x08001146   0x08001146   0x00000002   PAD
    0x08001148   0x08001148   0x000001a4   Code   RO         1045    i.HAL_CAN_MspInit   stm32f4xx_hal_msp.o
    0x080012ec   0x080012ec   0x00000002   Code   RO         5163    i.HAL_CAN_RxFifo0FullCallback  stm32f4xx_hal_can.o
    0x080012ee   0x080012ee   0x00000002   PAD
    0x080012f0   0x080012f0   0x0000005c   Code   RO         4918    i.HAL_CAN_RxFifo0MsgPendingCallback  drv_can.o
    0x0800134c   0x0800134c   0x00000002   Code   RO         5165    i.HAL_CAN_RxFifo1FullCallback  stm32f4xx_hal_can.o
    0x0800134e   0x0800134e   0x00000002   PAD
    0x08001350   0x08001350   0x0000005c   Code   RO         4919    i.HAL_CAN_RxFifo1MsgPendingCallback  drv_can.o
    0x080013ac   0x080013ac   0x00000002   Code   RO         5167    i.HAL_CAN_SleepCallback  stm32f4xx_hal_can.o
    0x080013ae   0x080013ae   0x0000005e   Code   RO         5168    i.HAL_CAN_Start     stm32f4xx_hal_can.o
    0x0800140c   0x0800140c   0x00000002   Code   RO         5170    i.HAL_CAN_TxMailbox0AbortCallback  stm32f4xx_hal_can.o
    0x0800140e   0x0800140e   0x00000002   Code   RO         5171    i.HAL_CAN_TxMailbox0CompleteCallback  stm32f4xx_hal_can.o
    0x08001410   0x08001410   0x00000002   Code   RO         5172    i.HAL_CAN_TxMailbox1AbortCallback  stm32f4xx_hal_can.o
    0x08001412   0x08001412   0x00000002   Code   RO         5173    i.HAL_CAN_TxMailbox1CompleteCallback  stm32f4xx_hal_can.o
    0x08001414   0x08001414   0x00000002   Code   RO         5174    i.HAL_CAN_TxMailbox2AbortCallback  stm32f4xx_hal_can.o
    0x08001416   0x08001416   0x00000002   Code   RO         5175    i.HAL_CAN_TxMailbox2CompleteCallback  stm32f4xx_hal_can.o
    0x08001418   0x08001418   0x00000002   Code   RO         5177    i.HAL_CAN_WakeUpFromRxMsgCallback  stm32f4xx_hal_can.o
    0x0800141a   0x0800141a   0x000000aa   Code   RO         5981    i.HAL_DMA_Abort     stm32f4xx_hal_dma.o
    0x080014c4   0x080014c4   0x00000028   Code   RO         5982    i.HAL_DMA_Abort_IT  stm32f4xx_hal_dma.o
    0x080014ec   0x080014ec   0x00000240   Code   RO         5986    i.HAL_DMA_IRQHandler  stm32f4xx_hal_dma.o
    0x0800172c   0x0800172c   0x000000ec   Code   RO         5987    i.HAL_DMA_Init      stm32f4xx_hal_dma.o
    0x08001818   0x08001818   0x00000092   Code   RO         5990    i.HAL_DMA_Start_IT  stm32f4xx_hal_dma.o
    0x080018aa   0x080018aa   0x00000002   PAD
    0x080018ac   0x080018ac   0x00000200   Code   RO         5865    i.HAL_GPIO_Init     stm32f4xx_hal_gpio.o
    0x08001aac   0x08001aac   0x00000010   Code   RO         5867    i.HAL_GPIO_ReadPin  stm32f4xx_hal_gpio.o
    0x08001abc   0x08001abc   0x0000000c   Code   RO         5869    i.HAL_GPIO_WritePin  stm32f4xx_hal_gpio.o
    0x08001ac8   0x08001ac8   0x0000000c   Code   RO         6472    i.HAL_GetTick       stm32f4xx_hal.o
    0x08001ad4   0x08001ad4   0x00000018   Code   RO         6478    i.HAL_IncTick       stm32f4xx_hal.o
    0x08001aec   0x08001aec   0x0000003c   Code   RO         6479    i.HAL_Init          stm32f4xx_hal.o
    0x08001b28   0x08001b28   0x0000008c   Code   RO         1107    i.HAL_InitTick      stm32f4xx_hal_timebase_tim.o
    0x08001bb4   0x08001bb4   0x00000048   Code   RO         1046    i.HAL_MspInit       stm32f4xx_hal_msp.o
    0x08001bfc   0x08001bfc   0x00000020   Code   RO         6304    i.HAL_NVIC_EnableIRQ  stm32f4xx_hal_cortex.o
    0x08001c1c   0x08001c1c   0x0000007c   Code   RO         6310    i.HAL_NVIC_SetPriority  stm32f4xx_hal_cortex.o
    0x08001c98   0x08001c98   0x00000028   Code   RO         6311    i.HAL_NVIC_SetPriorityGrouping  stm32f4xx_hal_cortex.o
    0x08001cc0   0x08001cc0   0x00000044   Code   RO         6312    i.HAL_NVIC_SystemReset  stm32f4xx_hal_cortex.o
    0x08001d04   0x08001d04   0x00000184   Code   RO         5413    i.HAL_RCC_ClockConfig  stm32f4xx_hal_rcc.o
    0x08001e88   0x08001e88   0x00000044   Code   RO         5417    i.HAL_RCC_GetClockConfig  stm32f4xx_hal_rcc.o
    0x08001ecc   0x08001ecc   0x0000000c   Code   RO         5418    i.HAL_RCC_GetHCLKFreq  stm32f4xx_hal_rcc.o
    0x08001ed8   0x08001ed8   0x00000020   Code   RO         5420    i.HAL_RCC_GetPCLK1Freq  stm32f4xx_hal_rcc.o
    0x08001ef8   0x08001ef8   0x00000020   Code   RO         5421    i.HAL_RCC_GetPCLK2Freq  stm32f4xx_hal_rcc.o
    0x08001f18   0x08001f18   0x000000b0   Code   RO         5422    i.HAL_RCC_GetSysClockFreq  stm32f4xx_hal_rcc.o
    0x08001fc8   0x08001fc8   0x00000488   Code   RO         5425    i.HAL_RCC_OscConfig  stm32f4xx_hal_rcc.o
    0x08002450   0x08002450   0x00000002   Code   RO         7555    i.HAL_TIMEx_BreakCallback  stm32f4xx_hal_tim_ex.o
    0x08002452   0x08002452   0x00000002   Code   RO         7556    i.HAL_TIMEx_CommutCallback  stm32f4xx_hal_tim_ex.o
    0x08002454   0x08002454   0x000000b4   Code   RO         7573    i.HAL_TIMEx_MasterConfigSynchronization  stm32f4xx_hal_tim_ex.o
    0x08002508   0x08002508   0x00000034   Code   RO         6755    i.HAL_TIM_Base_Init  stm32f4xx_hal_tim.o
    0x0800253c   0x0800253c   0x00000048   Code   RO         1048    i.HAL_TIM_Base_MspInit  stm32f4xx_hal_msp.o
    0x08002584   0x08002584   0x0000002a   Code   RO         6758    i.HAL_TIM_Base_Start  stm32f4xx_hal_tim.o
    0x080025ae   0x080025ae   0x0000002a   Code   RO         6760    i.HAL_TIM_Base_Start_IT  stm32f4xx_hal_tim.o
    0x080025d8   0x080025d8   0x00000108   Code   RO         6764    i.HAL_TIM_ConfigClockSource  stm32f4xx_hal_tim.o
    0x080026e0   0x080026e0   0x00000002   Code   RO         6784    i.HAL_TIM_IC_CaptureCallback  stm32f4xx_hal_tim.o
    0x080026e2   0x080026e2   0x00000196   Code   RO         6798    i.HAL_TIM_IRQHandler  stm32f4xx_hal_tim.o
    0x08002878   0x08002878   0x00000002   Code   RO         6801    i.HAL_TIM_OC_DelayElapsedCallback  stm32f4xx_hal_tim.o
    0x0800287a   0x0800287a   0x00000002   Code   RO         6828    i.HAL_TIM_PWM_PulseFinishedCallback  stm32f4xx_hal_tim.o
    0x0800287c   0x0800287c   0x00000018   Code   RO          556    i.HAL_TIM_PeriodElapsedCallback  main.o
    0x08002894   0x08002894   0x00000002   Code   RO         6841    i.HAL_TIM_TriggerCallback  stm32f4xx_hal_tim.o
    0x08002896   0x08002896   0x00000066   Code   RO         7864    i.HAL_UART_DMAStop  stm32f4xx_hal_uart.o
    0x080028fc   0x080028fc   0x00000002   Code   RO         7866    i.HAL_UART_ErrorCallback  stm32f4xx_hal_uart.o
    0x080028fe   0x080028fe   0x00000002   PAD
    0x08002900   0x08002900   0x00000154   Code   RO         7869    i.HAL_UART_IRQHandler  stm32f4xx_hal_uart.o
    0x08002a54   0x08002a54   0x00000072   Code   RO         7870    i.HAL_UART_Init     stm32f4xx_hal_uart.o
    0x08002ac6   0x08002ac6   0x00000002   PAD
    0x08002ac8   0x08002ac8   0x000004f4   Code   RO         1050    i.HAL_UART_MspInit  stm32f4xx_hal_msp.o
    0x08002fbc   0x08002fbc   0x000000c4   Code   RO         7874    i.HAL_UART_Receive_DMA  stm32f4xx_hal_uart.o
    0x08003080   0x08003080   0x00000002   Code   RO         7876    i.HAL_UART_RxCpltCallback  stm32f4xx_hal_uart.o
    0x08003082   0x08003082   0x00000002   Code   RO         7877    i.HAL_UART_RxHalfCpltCallback  stm32f4xx_hal_uart.o
    0x08003084   0x08003084   0x00000002   Code   RO         7881    i.HAL_UART_TxCpltCallback  stm32f4xx_hal_uart.o
    0x08003086   0x08003086   0x00000004   Code   RO          864    i.HardFault_Handler  stm32f4xx_it.o
    0x0800308a   0x0800308a   0x00000002   PAD
    0x0800308c   0x0800308c   0x00000044   Code   RO          557    i.MX_CAN1_Init      main.o
    0x080030d0   0x080030d0   0x00000044   Code   RO          558    i.MX_CAN2_Init      main.o
    0x08003114   0x08003114   0x000000d8   Code   RO          559    i.MX_DMA_Init       main.o
    0x080031ec   0x080031ec   0x0000012c   Code   RO          560    i.MX_GPIO_Init      main.o
    0x08003318   0x08003318   0x0000006c   Code   RO          561    i.MX_TIM4_Init      main.o
    0x08003384   0x08003384   0x00000038   Code   RO          562    i.MX_UART4_Init     main.o
    0x080033bc   0x080033bc   0x00000038   Code   RO          563    i.MX_USART1_UART_Init  main.o
    0x080033f4   0x080033f4   0x00000040   Code   RO          564    i.MX_USART2_UART_Init  main.o
    0x08003434   0x08003434   0x00000038   Code   RO          565    i.MX_USART3_UART_Init  main.o
    0x0800346c   0x0800346c   0x00000038   Code   RO          566    i.MX_USART6_UART_Init  main.o
    0x080034a4   0x080034a4   0x00000004   Code   RO          865    i.MemManage_Handler  stm32f4xx_it.o
    0x080034a8   0x080034a8   0x00000002   Code   RO          866    i.NMI_Handler       stm32f4xx_it.o
    0x080034aa   0x080034aa   0x00000002   PAD
    0x080034ac   0x080034ac   0x00000038   Code   RO         2321    i.Relay_Delay       service_relay.o
    0x080034e4   0x080034e4   0x00000014   Code   RO          567    i.StartDefaultTask  main.o
    0x080034f8   0x080034f8   0x00000034   Code   RO         4508    i.SysTick_Handler   port.o
    0x0800352c   0x0800352c   0x000000b4   Code   RO          568    i.SystemClock_Config  main.o
    0x080035e0   0x080035e0   0x0000001c   Code   RO         5104    i.SystemInit        system_stm32f4xx.o
    0x080035fc   0x080035fc   0x000001a4   Code   RO          368    i.System_Resource_Init  system_config.o
    0x080037a0   0x080037a0   0x00000150   Code   RO            4    i.System_Tasks_Init  system_tasks.o
    0x080038f0   0x080038f0   0x00000014   Code   RO          867    i.TIM4_IRQHandler   stm32f4xx_it.o
    0x08003904   0x08003904   0x00000010   Code   RO          868    i.TIM7_IRQHandler   stm32f4xx_it.o
    0x08003914   0x08003914   0x000000d8   Code   RO         6843    i.TIM_Base_SetConfig  stm32f4xx_hal_tim.o
    0x080039ec   0x080039ec   0x00000016   Code   RO         6850    i.TIM_ETR_SetConfig  stm32f4xx_hal_tim.o
    0x08003a02   0x08003a02   0x00000002   PAD
    0x08003a04   0x08003a04   0x00000030   Code   RO         4860    i.Timer_Init        drv_timer.o
    0x08003a34   0x08003a34   0x00000018   Code   RO          869    i.UART4_IRQHandler  stm32f4xx_it.o
    0x08003a4c   0x08003a4c   0x00000018   Code   RO          870    i.USART1_IRQHandler  stm32f4xx_it.o
    0x08003a64   0x08003a64   0x00000018   Code   RO          871    i.USART2_IRQHandler  stm32f4xx_it.o
    0x08003a7c   0x08003a7c   0x00000018   Code   RO          872    i.USART3_IRQHandler  stm32f4xx_it.o
    0x08003a94   0x08003a94   0x00000018   Code   RO          873    i.USART6_IRQHandler  stm32f4xx_it.o
    0x08003aac   0x08003aac   0x000001d4   Code   RO         4776    i.Uart_Init         drv_uart.o
    0x08003c80   0x08003c80   0x00000018   Code   RO         4777    i.Uart_Receive_Handler  drv_uart.o
    0x08003c98   0x08003c98   0x00000050   Code   RO         4778    i.Uart_Rx_Idle_Callback  drv_uart.o
    0x08003ce8   0x08003ce8   0x00000010   Code   RO         4861    i.Update_SystemTick  drv_timer.o
    0x08003cf8   0x08003cf8   0x00000004   Code   RO          874    i.UsageFault_Handler  stm32f4xx_it.o
    0x08003cfc   0x08003cfc   0x00000078   Code   RO         1153    i._Z10IsKeyPressi   service_communication.o
    0x08003d74   0x08003d74   0x00000050   Code   RO            5    i._Z11Action_CtrlPv  system_tasks.o
    0x08003dc4   0x08003dc4   0x000003f0   Code   RO         1154    i._Z11Key_Controlv  service_communication.o
    0x080041b4   0x080041b4   0x00000238   Code   RO         1155    i._Z11Set_KeyFlagv  service_communication.o
    0x080043ec   0x080043ec   0x0000005c   Code   RO            6    i._Z12Offline_CtrlPv  system_tasks.o
    0x08004448   0x08004448   0x00000080   Code   RO            7    i._Z12System_ResetPv  system_tasks.o
    0x080044c8   0x080044c8   0x0000005c   Code   RO         1156    i._Z13KeyFlag_judgei  service_communication.o
    0x08004524   0x08004524   0x0000006c   Code   RO            8    i._Z14Mode_SelectionPv  system_tasks.o
    0x08004590   0x08004590   0x000000ac   Code   RO         1157    i._Z18Update_USART_BoardPhh  service_communication.o
    0x0800463c   0x0800463c   0x00000074   Code   RO         1158    i._Z19Protect_Key_Controlv  service_communication.o
    0x080046b0   0x080046b0   0x00000002   Code   RO          369    i._Z24User_CAN1_RxCpltCallbackP13CAN_RxMessage  system_config.o
    0x080046b2   0x080046b2   0x00000002   PAD
    0x080046b4   0x080046b4   0x00000028   Code   RO          370    i._Z24User_CAN2_RxCpltCallbackP13CAN_RxMessage  system_config.o
    0x080046dc   0x080046dc   0x00000008   Code   RO          371    i._Z25User_UART1_RxCpltCallbackPht  system_config.o
    0x080046e4   0x080046e4   0x00000008   Code   RO          372    i._Z25User_UART2_RxCpltCallbackPht  system_config.o
    0x080046ec   0x080046ec   0x00000008   Code   RO          373    i._Z25User_UART3_RxCpltCallbackPht  system_config.o
    0x080046f4   0x080046f4   0x00000028   Code   RO          374    i._Z25User_UART4_RxCpltCallbackPht  system_config.o
    0x0800471c   0x0800471c   0x0000002e   Code   RO          375    i._Z25User_UART6_RxCpltCallbackPht  system_config.o
    0x0800474a   0x0800474a   0x00000002   PAD
    0x0800474c   0x0800474c   0x00000050   Code   RO            9    i._Z7Top_ComPv      system_tasks.o
    0x0800479c   0x0800479c   0x0000005c   Code   RO           10    i._Z8Top_POSTPv     system_tasks.o
    0x080047f8   0x080047f8   0x000000f4   Code   RO           11    i._Z9Board_ComPv    system_tasks.o
    0x080048ec   0x080048ec   0x000000b8   Code   RO         1159    i._Z9UIMsgSendv     service_communication.o
    0x080049a4   0x080049a4   0x0000000e   Code   RO         2112    i._ZN10MotorSpeed12update_speedEPh  service_motor.o
    0x080049b2   0x080049b2   0x00000002   PAD
    0x080049b4   0x080049b4   0x00000048   Code   RO         2070    i._ZN10MotorSpeedC2Eh  service_motor.o
    0x080049fc   0x080049fc   0x00000008   Code   RO         2145    i._ZN10MotorSpeedD2Ev  service_motor.o
    0x08004a04   0x08004a04   0x00000024   Code   RO         2082    i._ZN10Motor_C6106updateEPh  service_motor.o
    0x08004a28   0x08004a28   0x00000020   Code   RO         2076    i._ZN10Motor_C610C1Eh  service_motor.o
    0x08004a48   0x08004a48   0x0000000e   Code   RO         2118    i._ZN10Motor_C610D1Ev  service_motor.o
    0x08004a56   0x08004a56   0x0000002a   Code   RO         2094    i._ZN10Motor_C6206updateEPh  service_motor.o
    0x08004a80   0x08004a80   0x00000024   Code   RO         2088    i._ZN10Motor_C620C1Eh  service_motor.o
    0x08004aa4   0x08004aa4   0x0000000e   Code   RO         2127    i._ZN10Motor_C620D1Ev  service_motor.o
    0x08004ab2   0x08004ab2   0x00000002   PAD
    0x08004ab4   0x08004ab4   0x0000007c   Code   RO         3125    i._ZN10myPIDTimer15UpdataTimeStampEv  pid.o
    0x08004b30   0x08004b30   0x00000014   Code   RO         3126    i._ZN10myPIDTimer19getMicroTick_registEPFjvE  pid.o
    0x08004b44   0x08004b44   0x000000a4   Code   RO          467    i._ZN12Box_Classdef13Box_Num_JudgeEv  system_datapool.o
    0x08004be8   0x08004be8   0x00000050   Code   RO          468    i._ZN12Box_Classdef16Box_Height_JudgeEv  system_datapool.o
    0x08004c38   0x08004c38   0x0000000c   Code   RO          470    i._ZN12Box_Classdef9Box_ResetEv  system_datapool.o
    0x08004c44   0x08004c44   0x00000010   Code   RO         1387    i._ZN13Auto_Classdef10Auto_ResetEv  service_auto.o
    0x08004c54   0x08004c54   0x000004b0   Code   RO         1388    i._ZN13Auto_Classdef13Auto_REBigBoxEv  service_auto.o
    0x08005104   0x08005104   0x0000039c   Code   RO         1390    i._ZN13Auto_Classdef14Auto_RobBigBoxEv  service_auto.o
    0x080054a0   0x080054a0   0x000003ac   Code   RO         1391    i._ZN13Auto_Classdef16Auto_ExchangeBoxEv  service_auto.o
    0x0800584c   0x0800584c   0x00000036   Code   RO         1392    i._ZN13Auto_Classdef17Auto_Status_JudgeEv  service_auto.o
    0x08005882   0x08005882   0x00000002   PAD
    0x08005884   0x08005884   0x0000031c   Code   RO         1393    i._ZN13Auto_Classdef17Auto_TakeSmallBoxEv  service_auto.o
    0x08005ba0   0x08005ba0   0x00000324   Code   RO         1394    i._ZN13Auto_Classdef18Auto_ExchangeAgainEv  service_auto.o
    0x08005ec4   0x08005ec4   0x00000430   Code   RO         1395    i._ZN13Auto_Classdef18Auto_TakeGroundBoxEv  service_auto.o
    0x080062f4   0x080062f4   0x00000022   Code   RO         1396    i._ZN13Auto_Classdef18Auto_Waiting_JudgeEv  service_auto.o
    0x08006316   0x08006316   0x00000002   PAD
    0x08006318   0x08006318   0x00000018   Code   RO         1397    i._ZN13Auto_Classdef19Auto_REBigBox_StartEv  service_auto.o
    0x08006330   0x08006330   0x0000000a   Code   RO         1398    i._ZN13Auto_Classdef20Auto_RobBigBox_StartEv  service_auto.o
    0x0800633a   0x0800633a   0x0000000a   Code   RO         1399    i._ZN13Auto_Classdef22Auto_ExchangeBox_StartEv  service_auto.o
    0x08006344   0x08006344   0x00000006   Code   RO         1400    i._ZN13Auto_Classdef23Auto_ExchangeBox_MiddleEv  service_auto.o
    0x0800634a   0x0800634a   0x0000000a   Code   RO         1401    i._ZN13Auto_Classdef23Auto_TakeSmallBox_StartEv  service_auto.o
    0x08006354   0x08006354   0x0000000a   Code   RO         1402    i._ZN13Auto_Classdef24Auto_ExchangeAgain_StartEv  service_auto.o
    0x0800635e   0x0800635e   0x00000002   PAD
    0x08006360   0x08006360   0x0000001c   Code   RO         1403    i._ZN13Auto_Classdef24Auto_TakeGroundBox_StartEv  service_auto.o
    0x0800637c   0x0800637c   0x0000002a   Code   RO         1404    i._ZN13Auto_Classdef9Auto_TaskEv  service_auto.o
    0x080063a6   0x080063a6   0x00000002   PAD
    0x080063a8   0x080063a8   0x00000064   Code   RO         4611    i._ZN13DR16_ClassdefC1Ev  dr16.o
    0x0800640c   0x0800640c   0x0000001a   Code   RO         3078    i._ZN13LowPassFilter1fEf  filters.o
    0x08006426   0x08006426   0x0000000e   Code   RO         3079    i._ZN13LowPassFilter2inEf  filters.o
    0x08006434   0x08006434   0x00000022   Code   RO         3080    i._ZN13LowPassFilter3outEv  filters.o
    0x08006456   0x08006456   0x00000002   PAD
    0x08006458   0x08006458   0x00000018   Code   RO         2151    i._ZN13LowPassFilterC1Ef  service_motor.o
    0x08006470   0x08006470   0x00000060   Code   RO         1530    i._ZN14Motor_Classdef12MotorMsgSendEP19__CAN_HandleTypeDefPsi  service_motor.o
    0x080064d0   0x080064d0   0x000001bc   Code   RO         1531    i._ZN14Motor_Classdef12MotorPIDInitEv  service_motor.o
    0x0800668c   0x0800668c   0x000001f8   Code   RO         1532    i._ZN14Motor_Classdef12Update_MotorEPhj  service_motor.o
    0x08006884   0x08006884   0x000000cc   Code   RO         1533    i._ZN14Motor_Classdef13Motor_ControlEv  service_motor.o
    0x08006950   0x08006950   0x000000c0   Code   RO         1534    i._ZN14Motor_Classdef16MotorPID_ControlEv  service_motor.o
    0x08006a10   0x08006a10   0x000000a8   Code   RO          523    i._ZN14Motor_ClassdefC1Ev  system_datapool.o
    0x08006ab8   0x08006ab8   0x00000040   Code   RO         2323    i._ZN14Relay_Classdef10Relay_InitEv  service_relay.o
    0x08006af8   0x08006af8   0x00000040   Code   RO         2324    i._ZN14Relay_Classdef10Relay_OpenEv  service_relay.o
    0x08006b38   0x08006b38   0x00000034   Code   RO         2325    i._ZN14Relay_Classdef11Relay_ResetEv  service_relay.o
    0x08006b6c   0x08006b6c   0x00000018   Code   RO         2326    i._ZN14Relay_Classdef11Rescue_BackEv  service_relay.o
    0x08006b84   0x08006b84   0x00000018   Code   RO         2327    i._ZN14Relay_Classdef11SuperRescueEv  service_relay.o
    0x08006b9c   0x08006b9c   0x00000018   Code   RO         2328    i._ZN14Relay_Classdef16SuperRescue_BackEv  service_relay.o
    0x08006bb4   0x08006bb4   0x00000018   Code   RO         2329    i._ZN14Relay_Classdef3ETCEv  service_relay.o
    0x08006bcc   0x08006bcc   0x00000018   Code   RO         2330    i._ZN14Relay_Classdef5PinchEv  service_relay.o
    0x08006be4   0x08006be4   0x00000018   Code   RO         2331    i._ZN14Relay_Classdef6LoosenEv  service_relay.o
    0x08006bfc   0x08006bfc   0x00000018   Code   RO         2332    i._ZN14Relay_Classdef6RescueEv  service_relay.o
    0x08006c14   0x08006c14   0x00000018   Code   RO         2333    i._ZN14Relay_Classdef8ETC_BackEv  service_relay.o
    0x08006c2c   0x08006c2c   0x0000000e   Code   RO         1260    i._ZN15Action_Classdef12Action_ResetEv  service_action.o
    0x08006c3a   0x08006c3a   0x00000002   PAD
    0x08006c3c   0x08006c3c   0x0000002c   Code   RO         1261    i._ZN15Action_Classdef13Do_ETC_ActionEv  service_action.o
    0x08006c68   0x08006c68   0x00000174   Code   RO         1262    i._ZN15Action_Classdef14Do_Lift_ActionEv  service_action.o
    0x08006ddc   0x08006ddc   0x00000054   Code   RO         1263    i._ZN15Action_Classdef14Do_Turn_ActionEv  service_action.o
    0x08006e30   0x08006e30   0x00000044   Code   RO         1264    i._ZN15Action_Classdef15Action_Init_AllEv  service_action.o
    0x08006e74   0x08006e74   0x0000002c   Code   RO         1265    i._ZN15Action_Classdef15Do_Pinch_ActionEv  service_action.o
    0x08006ea0   0x08006ea0   0x00000040   Code   RO         1266    i._ZN15Action_Classdef16Action_Init_PartEv  service_action.o
    0x08006ee0   0x08006ee0   0x00000098   Code   RO         1267    i._ZN15Action_Classdef16Do_Extend_ActionEv  service_action.o
    0x08006f78   0x08006f78   0x0000002c   Code   RO         1268    i._ZN15Action_Classdef16Do_Rescue_ActionEv  service_action.o
    0x08006fa4   0x08006fa4   0x000000dc   Code   RO         1269    i._ZN15Action_Classdef16Do_Rotate_ActionEv  service_action.o
    0x08007080   0x08007080   0x00000044   Code   RO         1270    i._ZN15Action_Classdef18Action_Protect_ALLEv  service_action.o
    0x080070c4   0x080070c4   0x0000002c   Code   RO         1272    i._ZN15Action_Classdef21Do_SuperRescue_ActionEv  service_action.o
    0x080070f0   0x080070f0   0x0000001e   Code   RO         1273    i._ZN15Action_Classdef9Do_ActionEv  service_action.o
    0x0800710e   0x0800710e   0x00000002   PAD
    0x08007110   0x08007110   0x00000028   Code   RO         2488    i._ZN15Sensor_Classdef5PR_F1Ev  service_sensor.o
    0x08007138   0x08007138   0x00000028   Code   RO         2489    i._ZN15Sensor_Classdef5PR_F2Ev  service_sensor.o
    0x08007160   0x08007160   0x00000028   Code   RO         2490    i._ZN15Sensor_Classdef5PR_F3Ev  service_sensor.o
    0x08007188   0x08007188   0x00000028   Code   RO         2491    i._ZN15Sensor_Classdef5PR_F4Ev  service_sensor.o
    0x080071b0   0x080071b0   0x00000028   Code   RO         2492    i._ZN15Sensor_Classdef5PR_F5Ev  service_sensor.o
    0x080071d8   0x080071d8   0x00000028   Code   RO         2493    i._ZN15Sensor_Classdef5PR_F6Ev  service_sensor.o
    0x08007200   0x08007200   0x00000028   Code   RO         2494    i._ZN15Sensor_Classdef5PR_F7Ev  service_sensor.o
    0x08007228   0x08007228   0x00000028   Code   RO         2495    i._ZN15Sensor_Classdef5PR_F8Ev  service_sensor.o
    0x08007250   0x08007250   0x00000046   Code   RO         2497    i._ZN15Sensor_Classdef9PR_UpdataEv  service_sensor.o
    0x08007296   0x08007296   0x00000002   PAD
    0x08007298   0x08007298   0x00000048   Code   RO         1535    i._ZN19Lift_Motor_Classdef10Lift_DeathEv  service_motor.o
    0x080072e0   0x080072e0   0x00000064   Code   RO         1536    i._ZN19Lift_Motor_Classdef10Lift_JudgeEf  service_motor.o
    0x08007344   0x08007344   0x00000238   Code   RO         1537    i._ZN19Lift_Motor_Classdef11Lift_AdjustEhh  service_motor.o
    0x0800757c   0x0800757c   0x00000024   Code   RO         1539    i._ZN19Lift_Motor_Classdef12Test_jl_LiftEv  service_motor.o
    0x080075a0   0x080075a0   0x0000016c   Code   RO         1540    i._ZN19Lift_Motor_Classdef13Negative_LiftEv  service_motor.o
    0x0800770c   0x0800770c   0x00000014   Code   RO         1541    i._ZN19Lift_Motor_Classdef15Lift_None_JudgeEv  service_motor.o
    0x08007720   0x08007720   0x000000a8   Code   RO         1542    i._ZN19Lift_Motor_Classdef15Lift_POST_ResetEv  service_motor.o
    0x080077c8   0x080077c8   0x00000024   Code   RO         1543    i._ZN19Lift_Motor_Classdef16First_Stage_LiftEv  service_motor.o
    0x080077ec   0x080077ec   0x00000014   Code   RO         1544    i._ZN19Lift_Motor_Classdef16Lift_First_JudgeEv  service_motor.o
    0x08007800   0x08007800   0x00000014   Code   RO         1545    i._ZN19Lift_Motor_Classdef16Lift_Third_JudgeEv  service_motor.o
    0x08007814   0x08007814   0x00000024   Code   RO         1546    i._ZN19Lift_Motor_Classdef16Take_BigBox_LiftEv  service_motor.o
    0x08007838   0x08007838   0x00000024   Code   RO         1547    i._ZN19Lift_Motor_Classdef16Third_Stage_LiftEv  service_motor.o
    0x0800785c   0x0800785c   0x00000024   Code   RO         1548    i._ZN19Lift_Motor_Classdef17Exchange_Box_LiftEv  service_motor.o
    0x08007880   0x08007880   0x00000014   Code   RO         1549    i._ZN19Lift_Motor_Classdef17Lift_Second_JudgeEv  service_motor.o
    0x08007894   0x08007894   0x00000024   Code   RO         1550    i._ZN19Lift_Motor_Classdef17Second_Stage_LiftEv  service_motor.o
    0x080078b8   0x080078b8   0x00000014   Code   RO         1551    i._ZN19Lift_Motor_Classdef18Lift_Test_jl_JudgeEv  service_motor.o
    0x080078cc   0x080078cc   0x00000024   Code   RO         1552    i._ZN19Lift_Motor_Classdef18Take_SmallBox_LiftEv  service_motor.o
    0x080078f0   0x080078f0   0x00000024   Code   RO         1553    i._ZN19Lift_Motor_Classdef18Vision_BigBox_LiftEv  service_motor.o
    0x08007914   0x08007914   0x00000014   Code   RO         1554    i._ZN19Lift_Motor_Classdef19Lift_Negative_JudgeEv  service_motor.o
    0x08007928   0x08007928   0x00000014   Code   RO         1556    i._ZN19Lift_Motor_Classdef22Lift_Take_BigBox_JudgeEv  service_motor.o
    0x0800793c   0x0800793c   0x00000014   Code   RO         1557    i._ZN19Lift_Motor_Classdef23Lift_Exchange_Box_JudgeEv  service_motor.o
    0x08007950   0x08007950   0x00000014   Code   RO         1558    i._ZN19Lift_Motor_Classdef24Lift_Take_SmallBox_JudgeEv  service_motor.o
    0x08007964   0x08007964   0x00000014   Code   RO         1559    i._ZN19Lift_Motor_Classdef24Lift_Vision_BigBox_JudgeEv  service_motor.o
    0x08007978   0x08007978   0x0000004c   Code   RO         1560    i._ZN19Lift_Motor_Classdef9Lift_LifeEv  service_motor.o
    0x080079c4   0x080079c4   0x000001e4   Code   RO         1561    i._ZN19Lift_Motor_Classdef9Lift_POSTEv  service_motor.o
    0x08007ba8   0x08007ba8   0x0000001c   Code   RO         1562    i._ZN19Lift_Motor_Classdef9Lift_StopEv  service_motor.o
    0x08007bc4   0x08007bc4   0x00000178   Code   RO         1563    i._ZN19Lift_Motor_Classdef9None_LiftEv  service_motor.o
    0x08007d3c   0x08007d3c   0x000001c4   Code   RO         1564    i._ZN19Lift_Motor_Classdef9Step_LiftEfff  service_motor.o
    0x08007f00   0x08007f00   0x000000e0   Code   RO          529    i._ZN19Lift_Motor_ClassdefC1Ev  system_datapool.o
    0x08007fe0   0x08007fe0   0x0000002c   Code   RO         1566    i._ZN19Turn_Motor_Classdef10Turn_DeathEv  service_motor.o
    0x0800800c   0x0800800c   0x00000094   Code   RO         1567    i._ZN19Turn_Motor_Classdef10Turn_to_QREh  service_motor.o
    0x080080a0   0x080080a0   0x0000002c   Code   RO         1569    i._ZN19Turn_Motor_Classdef9Turn_LifeEv  service_motor.o
    0x080080cc   0x080080cc   0x00000010   Code   RO         1570    i._ZN19Turn_Motor_Classdef9Turn_StopEv  service_motor.o
    0x080080dc   0x080080dc   0x000000ec   Code   RO         1571    i._ZN21Extend_Motor_Classdef11Extend_POSTEv  service_motor.o
    0x080081c8   0x080081c8   0x000000dc   Code   RO         1572    i._ZN21Extend_Motor_Classdef11Extend_StepEfff  service_motor.o
    0x080082a4   0x080082a4   0x00000018   Code   RO         1573    i._ZN21Extend_Motor_Classdef11Extend_StopEv  service_motor.o
    0x080082bc   0x080082bc   0x00000060   Code   RO         1574    i._ZN21Extend_Motor_Classdef12Extend_JudgeEf  service_motor.o
    0x0800831c   0x0800831c   0x00000024   Code   RO         1577    i._ZN21Extend_Motor_Classdef14Mini_ExtensionEv  service_motor.o
    0x08008340   0x08008340   0x00000024   Code   RO         1578    i._ZN21Extend_Motor_Classdef14None_ExtensionEv  service_motor.o
    0x08008364   0x08008364   0x00000014   Code   RO         1579    i._ZN21Extend_Motor_Classdef17Extend_Mini_JudgeEv  service_motor.o
    0x08008378   0x08008378   0x00000014   Code   RO         1580    i._ZN21Extend_Motor_Classdef17Extend_None_JudgeEv  service_motor.o
    0x0800838c   0x0800838c   0x00000014   Code   RO         1581    i._ZN21Extend_Motor_Classdef18Extend_First_JudgeEv  service_motor.o
    0x080083a0   0x080083a0   0x00000014   Code   RO         1582    i._ZN21Extend_Motor_Classdef18Extend_Third_JudgeEv  service_motor.o
    0x080083b4   0x080083b4   0x00000024   Code   RO         1583    i._ZN21Extend_Motor_Classdef18Negative_ExtensionEv  service_motor.o
    0x080083d8   0x080083d8   0x00000014   Code   RO         1584    i._ZN21Extend_Motor_Classdef19Extend_Second_JudgeEv  service_motor.o
    0x080083ec   0x080083ec   0x00000014   Code   RO         1585    i._ZN21Extend_Motor_Classdef21Extend_Negative_JudgeEv  service_motor.o
    0x08008400   0x08008400   0x00000020   Code   RO         1586    i._ZN21Extend_Motor_Classdef21First_Stage_ExtensionEv  service_motor.o
    0x08008420   0x08008420   0x00000020   Code   RO         1587    i._ZN21Extend_Motor_Classdef21Third_Stage_ExtensionEv  service_motor.o
    0x08008440   0x08008440   0x00000020   Code   RO         1588    i._ZN21Extend_Motor_Classdef22Second_Stage_ExtensionEv  service_motor.o
    0x08008460   0x08008460   0x0000002c   Code   RO         1589    i._ZN21Rotate_Motor_Classdef10Rotate_HorEv  service_motor.o
    0x0800848c   0x0800848c   0x0000002c   Code   RO         1590    i._ZN21Rotate_Motor_Classdef10Rotate_TopEv  service_motor.o
    0x080084b8   0x080084b8   0x000000ec   Code   RO         1591    i._ZN21Rotate_Motor_Classdef11Rotate_POSTEv  service_motor.o
    0x080085a4   0x080085a4   0x0000002c   Code   RO         1592    i._ZN21Rotate_Motor_Classdef11Rotate_PushEv  service_motor.o
    0x080085d0   0x080085d0   0x0000014c   Code   RO         1593    i._ZN21Rotate_Motor_Classdef11Rotate_StepEffff  service_motor.o
    0x0800871c   0x0800871c   0x00000018   Code   RO         1594    i._ZN21Rotate_Motor_Classdef11Rotate_StopEv  service_motor.o
    0x08008734   0x08008734   0x00000060   Code   RO         1595    i._ZN21Rotate_Motor_Classdef12Rotate_JudgeEf  service_motor.o
    0x08008794   0x08008794   0x0000002c   Code   RO         1596    i._ZN21Rotate_Motor_Classdef12Rotate_LimitEv  service_motor.o
    0x080087c0   0x080087c0   0x00000104   Code   RO         1597    i._ZN21Rotate_Motor_Classdef13Rotate_TopperEv  service_motor.o
    0x080088c4   0x080088c4   0x0000002c   Code   RO         1599    i._ZN21Rotate_Motor_Classdef15Rotate_ExchangeEv  service_motor.o
    0x080088f0   0x080088f0   0x0000002c   Code   RO         1600    i._ZN21Rotate_Motor_Classdef15Rotate_SmallBoxEv  service_motor.o
    0x0800891c   0x0800891c   0x00000014   Code   RO         1601    i._ZN21Rotate_Motor_Classdef16Rotate_Hor_JudgeEv  service_motor.o
    0x08008930   0x08008930   0x00000014   Code   RO         1602    i._ZN21Rotate_Motor_Classdef16Rotate_Top_JudgeEv  service_motor.o
    0x08008944   0x08008944   0x000001ac   Code   RO         1603    i._ZN21Rotate_Motor_Classdef17Rotate_Back_StartEv  service_motor.o
    0x08008af0   0x08008af0   0x00000014   Code   RO         1605    i._ZN21Rotate_Motor_Classdef18Rotate_Limit_JudgeEv  service_motor.o
    0x08008b04   0x08008b04   0x00000014   Code   RO         1606    i._ZN21Rotate_Motor_Classdef18Rotate_Start_JudgeEv  service_motor.o
    0x08008b18   0x08008b18   0x00000014   Code   RO         1607    i._ZN21Rotate_Motor_Classdef19Rotate_Topper_JudgeEv  service_motor.o
    0x08008b2c   0x08008b2c   0x0000002c   Code   RO         1608    i._ZN21Rotate_Motor_Classdef20Rotate_ExchangeAgainEv  service_motor.o
    0x08008b58   0x08008b58   0x00000014   Code   RO         1609    i._ZN21Rotate_Motor_Classdef21Rotate_Exchange_JudgeEv  service_motor.o
    0x08008b6c   0x08008b6c   0x00000014   Code   RO         1610    i._ZN21Rotate_Motor_Classdef21Rotate_SmallBox_JudgeEv  service_motor.o
    0x08008b80   0x08008b80   0x00000014   Code   RO         1611    i._ZN21Rotate_Motor_Classdef26Rotate_ExchangeAgain_JudgeEv  service_motor.o
    0x08008b94   0x08008b94   0x00000104   Code   RO          526    i._ZN21Rotate_Motor_ClassdefC1Ev  system_datapool.o
    0x08008c98   0x08008c98   0x0000002c   Code   RO         5993    i._ZN41_INTERNAL_19_stm32f4xx_hal_dma_c_c25f65ec13DMA_SetConfigEP19__DMA_HandleTypeDefjjj  stm32f4xx_hal_dma.o
    0x08008cc4   0x08008cc4   0x000000aa   Code   RO         5994    i._ZN41_INTERNAL_19_stm32f4xx_hal_dma_c_c25f65ec18DMA_CheckFifoParamEP19__DMA_HandleTypeDef  stm32f4xx_hal_dma.o
    0x08008d6e   0x08008d6e   0x00000002   PAD
    0x08008d70   0x08008d70   0x00000034   Code   RO         5995    i._ZN41_INTERNAL_19_stm32f4xx_hal_dma_c_c25f65ec23DMA_CalcBaseAndBitshiftEP19__DMA_HandleTypeDef  stm32f4xx_hal_dma.o
    0x08008da4   0x08008da4   0x00000012   Code   RO         6860    i._ZN41_INTERNAL_19_stm32f4xx_hal_tim_c_a9d95b5218TIM_ITRx_SetConfigEP11TIM_TypeDefj  stm32f4xx_hal_tim.o
    0x08008db6   0x08008db6   0x00000026   Code   RO         6864    i._ZN41_INTERNAL_19_stm32f4xx_hal_tim_c_a9d95b5224TIM_TI1_ConfigInputStageEP11TIM_TypeDefjj  stm32f4xx_hal_tim.o
    0x08008ddc   0x08008ddc   0x00000028   Code   RO         6865    i._ZN41_INTERNAL_19_stm32f4xx_hal_tim_c_a9d95b5224TIM_TI2_ConfigInputStageEP11TIM_TypeDefjj  stm32f4xx_hal_tim.o
    0x08008e04   0x08008e04   0x00000050   Code   RO         7883    i._ZN42_INTERNAL_20_stm32f4xx_hal_uart_c_d497114f13UART_DMAErrorEP19__DMA_HandleTypeDef  stm32f4xx_hal_uart.o
    0x08008e54   0x08008e54   0x000003e8   Code   RO         7884    i._ZN42_INTERNAL_20_stm32f4xx_hal_uart_c_d497114f14UART_SetConfigEP20__UART_HandleTypeDef  stm32f4xx_hal_uart.o
    0x0800923c   0x0800923c   0x000000a6   Code   RO         7885    i._ZN42_INTERNAL_20_stm32f4xx_hal_uart_c_d497114f15UART_Receive_ITEP20__UART_HandleTypeDef  stm32f4xx_hal_uart.o
    0x080092e2   0x080092e2   0x00000068   Code   RO         7886    i._ZN42_INTERNAL_20_stm32f4xx_hal_uart_c_d497114f16UART_Transmit_ITEP20__UART_HandleTypeDef  stm32f4xx_hal_uart.o
    0x0800934a   0x0800934a   0x0000000e   Code   RO         7887    i._ZN42_INTERNAL_20_stm32f4xx_hal_uart_c_d497114f18UART_DMARxHalfCpltEP19__DMA_HandleTypeDef  stm32f4xx_hal_uart.o
    0x08009358   0x08009358   0x00000020   Code   RO         7889    i._ZN42_INTERNAL_20_stm32f4xx_hal_uart_c_d497114f18UART_EndRxTransferEP20__UART_HandleTypeDef  stm32f4xx_hal_uart.o
    0x08009378   0x08009378   0x00000014   Code   RO         7890    i._ZN42_INTERNAL_20_stm32f4xx_hal_uart_c_d497114f18UART_EndTxTransferEP20__UART_HandleTypeDef  stm32f4xx_hal_uart.o
    0x0800938c   0x0800938c   0x00000046   Code   RO         7891    i._ZN42_INTERNAL_20_stm32f4xx_hal_uart_c_d497114f19UART_DMAReceiveCpltEP19__DMA_HandleTypeDef  stm32f4xx_hal_uart.o
    0x080093d2   0x080093d2   0x00000020   Code   RO         7892    i._ZN42_INTERNAL_20_stm32f4xx_hal_uart_c_d497114f19UART_EndTransmit_ITEP20__UART_HandleTypeDef  stm32f4xx_hal_uart.o
    0x080093f2   0x080093f2   0x00000014   Code   RO         7893    i._ZN42_INTERNAL_20_stm32f4xx_hal_uart_c_d497114f20UART_DMAAbortOnErrorEP19__DMA_HandleTypeDef  stm32f4xx_hal_uart.o
    0x08009406   0x08009406   0x00000002   PAD
    0x08009408   0x08009408   0x00000028   Code   RO         6317    i._ZN44_INTERNAL_22_stm32f4xx_hal_cortex_c_2992dbc018__NVIC_SetPriorityE9IRQn_Typej  stm32f4xx_hal_cortex.o
    0x08009430   0x08009430   0x00000010   Code   RO         6318    i._ZN44_INTERNAL_22_stm32f4xx_hal_cortex_c_2992dbc026__NVIC_GetPriorityGroupingEv  stm32f4xx_hal_cortex.o
    0x08009440   0x08009440   0x00000016   Code   RO         2100    i._ZN5myPID11SetPIDParamEfffff  service_motor.o
    0x08009456   0x08009456   0x00000002   PAD
    0x08009458   0x08009458   0x0000026c   Code   RO         3127    i._ZN5myPID6AdjustEv  pid.o
    0x080096c4   0x080096c4   0x000000d4   Code   RO         2130    i._ZN5myPIDC1Ev     service_motor.o
    0x08009798   0x08009798   0x00000014   Code   RO         2136    i._ZN5myPIDD1Ev     service_motor.o
    0x080097ac   0x080097ac   0x000000c8   Code   RO         2063    i._ZN9MotorBase12update_angleEPh  service_motor.o
    0x08009874   0x08009874   0x0000000e   Code   RO         2106    i._ZNK10MotorSpeed8getSpeedEv  service_motor.o
    0x08009882   0x08009882   0x00000008   Code   RO         2121    i._ZNK10Motor_C62015getGivenCurrentEv  service_motor.o
    0x0800988a   0x0800988a   0x00000002   PAD
    0x0800988c   0x0800988c   0x0000000c   Code   RO         2201    i._ZNK9MotorBase19ENCODER_ANGLE_RATIOEv  service_motor.o
    0x08009898   0x08009898   0x0000000a   Code   RO         2139    i._ZSt3absf         service_motor.o
    0x080098a2   0x080098a2   0x00000024   Code   RO         8349    i.__aeabi_vec_ctor_nocookie_nodtor  cpprt_w.l(aeabi_vec_ctor_nocookie_nodtor.o)
    0x080098c6   0x080098c6   0x00000010   Code   RO         8234    i.__cxa_guard_acquire  cpprt_w.l(cxa_guard_acquire.o)
    0x080098d6   0x080098d6   0x0000000e   Code   RO         8499    i.__scatterload_copy  mc_w.l(handlers.o)
    0x080098e4   0x080098e4   0x00000002   Code   RO         8500    i.__scatterload_null  mc_w.l(handlers.o)
    0x080098e6   0x080098e6   0x0000000e   Code   RO         8501    i.__scatterload_zeroinit  mc_w.l(handlers.o)
    0x080098f4   0x080098f4   0x000000cc   Code   RO         1614    i.__sti___17_Service_Motor_cpp_2a606558  service_motor.o
    0x080099c0   0x080099c0   0x00000028   Code   RO          473    i.__sti___19_System_Datapool_cpp_618cb3c9  system_datapool.o
    0x080099e8   0x080099e8   0x00000050   Code   RO         8418    i.free              mc_w.l(malloc.o)
    0x08009a38   0x08009a38   0x0000005c   Code   RO          569    i.main              main.o
    0x08009a94   0x08009a94   0x0000000e   Code   RO         4079    i.makeFreeRtosPriority  cmsis_os.o
    0x08009aa2   0x08009aa2   0x00000002   PAD
    0x08009aa4   0x08009aa4   0x0000006c   Code   RO         8419    i.malloc            mc_w.l(malloc.o)
    0x08009b10   0x08009b10   0x0000000a   Code   RO         4084    i.osKernelStart     cmsis_os.o
    0x08009b1a   0x08009b1a   0x0000005e   Code   RO         4118    i.osThreadCreate    cmsis_os.o
    0x08009b78   0x08009b78   0x0000000e   Code   RO         4127    i.osThreadTerminate  cmsis_os.o
    0x08009b86   0x08009b86   0x00000002   PAD
    0x08009b88   0x08009b88   0x00000098   Code   RO         3756    i.prvAddCurrentTaskToDelayedList  tasks.o
    0x08009c20   0x08009c20   0x000000b4   Code   RO         3757    i.prvAddNewTaskToReadyList  tasks.o
    0x08009cd4   0x08009cd4   0x00000048   Code   RO         3758    i.prvCheckTasksWaitingTermination  tasks.o
    0x08009d1c   0x08009d1c   0x0000002a   Code   RO         3422    i.prvCopyDataFromQueue  queue.o
    0x08009d46   0x08009d46   0x0000007e   Code   RO         3423    i.prvCopyDataToQueue  queue.o
    0x08009dc4   0x08009dc4   0x00000050   Code   RO         3759    i.prvDeleteTCB      tasks.o
    0x08009e14   0x08009e14   0x0000007c   Code   RO         4446    i.prvHeapInit       heap_4.o
    0x08009e90   0x08009e90   0x00000028   Code   RO         3760    i.prvIdleTask       tasks.o
    0x08009eb8   0x08009eb8   0x00000026   Code   RO         3426    i.prvInitialiseNewQueue  queue.o
    0x08009ede   0x08009ede   0x000000b4   Code   RO         3761    i.prvInitialiseNewTask  tasks.o
    0x08009f92   0x08009f92   0x00000002   PAD
    0x08009f94   0x08009f94   0x00000068   Code   RO         3762    i.prvInitialiseTaskLists  tasks.o
    0x08009ffc   0x08009ffc   0x00000068   Code   RO         4447    i.prvInsertBlockIntoFreeList  heap_4.o
    0x0800a064   0x0800a064   0x0000001a   Code   RO         3427    i.prvIsQueueEmpty   queue.o
    0x0800a07e   0x0800a07e   0x0000001e   Code   RO         3428    i.prvIsQueueFull    queue.o
    0x0800a09c   0x0800a09c   0x00000034   Code   RO         3763    i.prvResetNextTaskUnblockTime  tasks.o
    0x0800a0d0   0x0800a0d0   0x00000040   Code   RO         4509    i.prvTaskExitError  port.o
    0x0800a110   0x0800a110   0x0000007e   Code   RO         3429    i.prvUnlockQueue    queue.o
    0x0800a18e   0x0800a18e   0x00000002   PAD
    0x0800a190   0x0800a190   0x0000013c   Code   RO         4448    i.pvPortMalloc      heap_4.o
    0x0800a2cc   0x0800a2cc   0x0000002c   Code   RO         4510    i.pxPortInitialiseStack  port.o
    0x0800a2f8   0x0800a2f8   0x00000028   Code   RO         3382    i.uxListRemove      list.o
    0x0800a320   0x0800a320   0x00000018   Code   RO          803    i.vApplicationGetIdleTaskMemory  freertos.o
    0x0800a338   0x0800a338   0x0000001a   Code   RO         3383    i.vListInitialise   list.o
    0x0800a352   0x0800a352   0x00000006   Code   RO         3384    i.vListInitialiseItem  list.o
    0x0800a358   0x0800a358   0x00000034   Code   RO         3385    i.vListInsert       list.o
    0x0800a38c   0x0800a38c   0x00000018   Code   RO         3386    i.vListInsertEnd    list.o
    0x0800a3a4   0x0800a3a4   0x00000054   Code   RO         4512    i.vPortEnterCritical  port.o
    0x0800a3f8   0x0800a3f8   0x0000003c   Code   RO         4513    i.vPortExitCritical  port.o
    0x0800a434   0x0800a434   0x00000094   Code   RO         4449    i.vPortFree         heap_4.o
    0x0800a4c8   0x0800a4c8   0x00000028   Code   RO         4514    i.vPortSetupTimerInterrupt  port.o
    0x0800a4f0   0x0800a4f0   0x00000078   Code   RO         4515    i.vPortValidateInterruptPriority  port.o
    0x0800a568   0x0800a568   0x000000d4   Code   RO         3772    i.vTaskDelayUntil   tasks.o
    0x0800a63c   0x0800a63c   0x000000f4   Code   RO         3773    i.vTaskDelete       tasks.o
    0x0800a730   0x0800a730   0x00000018   Code   RO         3775    i.vTaskInternalSetTimeOutState  tasks.o
    0x0800a748   0x0800a748   0x0000000c   Code   RO         3776    i.vTaskMissedYield  tasks.o
    0x0800a754   0x0800a754   0x00000038   Code   RO         3778    i.vTaskPlaceOnEventList  tasks.o
    0x0800a78c   0x0800a78c   0x000000b0   Code   RO         3785    i.vTaskStartScheduler  tasks.o
    0x0800a83c   0x0800a83c   0x00000010   Code   RO         3787    i.vTaskSuspendAll   tasks.o
    0x0800a84c   0x0800a84c   0x0000008c   Code   RO         3788    i.vTaskSwitchContext  tasks.o
    0x0800a8d8   0x0800a8d8   0x00000168   Code   RO         4516    i.xPortStartScheduler  port.o
    0x0800aa40   0x0800aa40   0x00000060   Code   RO         3438    i.xQueueGenericCreate  queue.o
    0x0800aaa0   0x0800aaa0   0x00000098   Code   RO         3440    i.xQueueGenericReset  queue.o
    0x0800ab38   0x0800ab38   0x000001a8   Code   RO         3441    i.xQueueGenericSend  queue.o
    0x0800ace0   0x0800ace0   0x000000f8   Code   RO         3442    i.xQueueGenericSendFromISR  queue.o
    0x0800add8   0x0800add8   0x00000168   Code   RO         3448    i.xQueueReceive     queue.o
    0x0800af40   0x0800af40   0x0000008c   Code   RO         3789    i.xTaskCheckForTimeOut  tasks.o
    0x0800afcc   0x0800afcc   0x00000064   Code   RO         3790    i.xTaskCreate       tasks.o
    0x0800b030   0x0800b030   0x000000ba   Code   RO         3791    i.xTaskCreateStatic  tasks.o
    0x0800b0ea   0x0800b0ea   0x00000002   PAD
    0x0800b0ec   0x0800b0ec   0x00000128   Code   RO         3792    i.xTaskGenericNotify  tasks.o
    0x0800b214   0x0800b214   0x00000020   Code   RO         3795    i.xTaskGetSchedulerState  tasks.o
    0x0800b234   0x0800b234   0x0000000c   Code   RO         3796    i.xTaskGetTickCount  tasks.o
    0x0800b240   0x0800b240   0x00000148   Code   RO         3798    i.xTaskIncrementTick  tasks.o
    0x0800b388   0x0800b388   0x000000a0   Code   RO         3800    i.xTaskNotifyWait   tasks.o
    0x0800b428   0x0800b428   0x000000c8   Code   RO         3801    i.xTaskPriorityDisinherit  tasks.o
    0x0800b4f0   0x0800b4f0   0x00000098   Code   RO         3803    i.xTaskRemoveFromEventList  tasks.o
    0x0800b588   0x0800b588   0x00000104   Code   RO         3804    i.xTaskResumeAll    tasks.o
    0x0800b68c   0x0800b68c   0x0000002a   Code   RO         2056    t._Z11myConstrainIfET_S0_S0_S0_  service_motor.o
    0x0800b6b6   0x0800b6b6   0x00000028   Code   RO         3167    t._Z14_pid_ConstrainIfEvPT_S0_S0_  pid.o
    0x0800b6de   0x0800b6de   0x0000001a   Code   RO         3160    t._Z8_pid_AbsIfET_S0_  pid.o
    0x0800b6f8   0x0800b6f8   0x0000001c   Data   RO          571    .constdata          main.o
    0x0800b714   0x0800b714   0x00000018   Data   RO         5107    .constdata          system_stm32f4xx.o
    0x0800b72c   0x0800b72c   0x00000008   Data   RO         6011    .constdata          stm32f4xx_hal_dma.o
    0x0800b734   0x0800b734   0x0000002c   Data   RO         2160    .constdata__ZTV10MotorSpeed  service_motor.o
    0x0800b760   0x0800b760   0x00000034   Data   RO         2162    .constdata__ZTV10Motor_C610  service_motor.o
    0x0800b794   0x0800b794   0x00000034   Data   RO         2164    .constdata__ZTV10Motor_C620  service_motor.o
    0x0800b7c8   0x0800b7c8   0x00000028   Data   RO         2158    .constdata__ZTV9MotorBase  service_motor.o
    0x0800b7f0   0x0800b7f0   0x0000000c   Data   RO          572    .conststring        main.o
    0x0800b7fc   0x0800b7fc   0x00000020   Data   RO         8497    Region$$Table       anon$$obj.o
    0x0800b81c   0x0800b81c   0x00000004   Data   RO          483    .init_array         system_datapool.o
    0x0800b820   0x0800b81c   0x00000004   Data   RO         1703    .init_array         service_motor.o
    0x0800b824   0x0800b81c   0x00000000   Data   RO         8366    .init_array         mc_w.l(cpp_init.o)


    Execution Region RW_IRAM2 (Exec base: 0x10000000, Load base: 0x0800b844, Size: 0x00000000, Max: 0x00010000, ABSOLUTE)

    **** No section assigned to this execution region ****


    Execution Region RW_IRAM1 (Exec base: 0x20000000, Load base: 0x0800b824, Size: 0x00005a48, Max: 0x00020000, ABSOLUTE, COMPRESSED[0x00000020])

    Exec Addr    Load Addr    Size         Type   Attr      Idx    E Section Name        Object

    0x20000000   COMPRESSED   0x00000098   Data   RW           24    .data               system_tasks.o
    0x20000098   COMPRESSED   0x0000001e   Data   RW          482    .data               system_datapool.o
    0x200000b6   COMPRESSED   0x00000002   PAD
    0x200000b8   COMPRESSED   0x00000004   Data   RW          573    .data               main.o
    0x200000bc   COMPRESSED   0x00000004   Data   RW         1051    .data               stm32f4xx_hal_msp.o
    0x200000c0   COMPRESSED   0x00000005   Data   RW         1172    .data               service_communication.o
    0x200000c5   COMPRESSED   0x00000003   PAD
    0x200000c8   COMPRESSED   0x00000008   Data   RW         1702    .data               service_motor.o
    0x200000d0   COMPRESSED   0x00000004   Data   RW         2347    .data               service_relay.o
    0x200000d4   COMPRESSED   0x00000004   Data   RW         3135    .data               pid.o
    0x200000d8   COMPRESSED   0x0000003c   Data   RW         3807    .data               tasks.o
    0x20000114   COMPRESSED   0x00000018   Data   RW         4454    .data               heap_4.o
    0x2000012c   COMPRESSED   0x0000000c   Data   RW         4517    .data               port.o
    0x20000138   COMPRESSED   0x00000002   Data   RW         4781    .data               drv_uart.o
    0x2000013a   COMPRESSED   0x00000002   PAD
    0x2000013c   COMPRESSED   0x0000000c   Data   RW         4864    .data               drv_timer.o
    0x20000148   COMPRESSED   0x00000008   Data   RW         4921    .data               drv_can.o
    0x20000150   COMPRESSED   0x00000004   Data   RW         5108    .data               system_stm32f4xx.o
    0x20000154   COMPRESSED   0x00000009   Data   RW         6513    .data               stm32f4xx_hal.o
    0x2000015d   COMPRESSED   0x00000003   PAD
    0x20000160   COMPRESSED   0x00000004   Data   RW         8448    .data               mc_w.l(cpp_dtor.o)
    0x20000164   COMPRESSED   0x00000004   Data   RW         8476    .data               mc_w.l(mvars.o)
    0x20000168   COMPRESSED   0x00000004   Data   RW         8477    .data               mc_w.l(mvars.o)
    0x2000016c   COMPRESSED   0x00000004   PAD
    0x20000170        -       0x00000330   Zero   RW          481    .bss                system_datapool.o
    0x200004a0        -       0x00000530   Zero   RW          570    .bss                main.o
    0x200009d0        -       0x00000254   Zero   RW          804    .bss                freertos.o
    0x20000c24        -       0x00000040   Zero   RW         1110    .bss                stm32f4xx_hal_timebase_tim.o
    0x20000c64        -       0x00000034   Zero   RW         1171    .bss                service_communication.o
    0x20000c98        -       0x000009e8   Zero   RW         1701    .bss                service_motor.o
    0x20001680        -       0x000000f0   Zero   RW         3806    .bss                tasks.o
    0x20001770        -       0x00003c00   Zero   RW         4453    .bss                heap_4.o
    0x20005370        -       0x00000060   Zero   RW         4780    .bss                drv_uart.o
    0x200053d0        -       0x00000078   Zero   RW         4920    .bss                drv_can.o
    0x20005448        -       0x00000200   Zero   RW         1144    HEAP                startup_stm32f405xx.o
    0x20005648        -       0x00000400   Zero   RW         1143    STACK               startup_stm32f405xx.o


==============================================================================

Image component sizes


      Code (inc. data)   RO Data    RW Data    ZI Data      Debug   Object Name

       132          0          0          0          0      23161   cmsis_os.o
       100          6          0          0          0       4008   dr16.o
       434         60          0          8        120       6543   drv_can.o
        96         18          0         12          0       2978   drv_timer.o
       576         54          0          2         96       4385   drv_uart.o
         0          0          0          0          0      18992   event_groups.o
        74          0          0          0          0       2556   filters.o
        24         10          0          0        596       1368   freertos.o
       692         62          0         24      15360       7571   heap_4.o
       148          0          0          0          0       3778   list.o
      1366        128         40          4       1328     687797   main.o
       830         20          0          4          0       6800   pid.o
      1014         92          0         12          0      12465   port.o
      1668         14          0          0          0      15646   queue.o
      1248        170          0          0          0       7980   service_action.o
      5980        424          0          0          0      13324   service_auto.o
      2260        110          0          5         52       9427   service_communication.o
      8676        586        192          8       2536      73052   service_motor.o
       428         64          0          4          0     647991   service_relay.o
       390         44          0          0          0       7140   service_sensor.o
        36          8        392          0       1536        840   startup_stm32f405xx.o
        96         20          0          9          0       8322   stm32f4xx_hal.o
      2090          6          0          0          0      13636   stm32f4xx_hal_can.o
       320         30          0          0          0      34573   stm32f4xx_hal_cortex.o
      1434         16          8          0          0       7386   stm32f4xx_hal_dma.o
       540         46          0          0          0       3159   stm32f4xx_hal_gpio.o
      1832        122          0          4          0       4905   stm32f4xx_hal_msp.o
      1868         94          0          0          0       6577   stm32f4xx_hal_rcc.o
      1148         46          0          0          0      10728   stm32f4xx_hal_tim.o
       184         30          0          0          0       2661   stm32f4xx_hal_tim_ex.o
       140         18          0          0         64       1571   stm32f4xx_hal_timebase_tim.o
      2298         26          0          0          0      13255   stm32f4xx_hal_uart.o
       416        142          0          0          0      15392   stm32f4xx_it.o
         0          0          0          0          0        392   stream_buffer.o
       572        116          0          0          0       6417   system_config.o
       948        226          4         30        816       6218   system_datapool.o
        28          4         24          4          0       1287   system_stm32f4xx.o
      1160        328          0        152          0     629832   system_tasks.o
      3606        422          0         60        240      31046   tasks.o

    ----------------------------------------------------------------------
     44918       3562        692        352      22744    2355159   Object Totals
         0          0         32          0          0          0   (incl. Generated)
        66          0          0         10          0          0   (incl. Padding)

    ----------------------------------------------------------------------

      Code (inc. data)   RO Data    RW Data    ZI Data      Debug   Library Member Name

        36          0          0          0          0         84   aeabi_vec_ctor_nocookie_nodtor.o
        34          0          0          0          0         84   aeabi_vec_dtor_noexceptions.o
        16          0          0          0          0         68   cxa_guard_acquire.o
        86          0          0          0          0          0   __dczerorl2.o
        46          0          0          0          0         84   aeabi_atexit.o
         8          4          0          4          0         68   cpp_dtor.o
         2          0          0          0          0         68   cpp_final.o
        32         10          0          0          0         80   cpp_init.o
        66          0          0          0          0         84   cxa_finalize.o
         0          0          0          0          0          0   entry.o
         0          0          0          0          0          0   entry10a.o
         4          0          0          0          0          0   entry10b.o
         0          0          0          0          0          0   entry11a.o
         8          4          0          0          0          0   entry2.o
         4          0          0          0          0          0   entry5.o
         0          0          0          0          0          0   entry7b.o
         4          0          0          0          0          0   entry8a.o
         0          0          0          0          0          0   entry8b.o
         8          4          0          0          0          0   entry9a.o
        30          0          0          0          0          0   handlers.o
        36          8          0          0          0         68   init.o
         0          0          0          0          0          0   iusefp.o
        30          0          0          0          0         68   llshl.o
        36          0          0          0          0         68   llsshr.o
        32          0          0          0          0         68   llushr.o
       188         20          0          0          0        160   malloc.o
        36          0          0          0          0         68   memcpya.o
        36          0          0          0          0        108   memseta.o
         0          0          0          8          0          0   mvars.o
        98          0          0          0          0         92   uldiv.o
        48          0          0          0          0         68   cdcmple.o
       334          0          0          0          0        148   dadd.o
       186          0          0          0          0        176   depilogue.o
        38          0          0          0          0         68   f2d.o
        44          0          0          0          0         68   ffixul.o

    ----------------------------------------------------------------------
      1530         50          0         12          4       1848   Library Totals
         4          0          0          0          4          0   (incl. Padding)

    ----------------------------------------------------------------------

      Code (inc. data)   RO Data    RW Data    ZI Data      Debug   Library Name

        86          0          0          0          0        236   cpprt_w.l
       790         50          0         12          0       1084   mc_w.l
       650          0          0          0          0        528   mf_w.l

    ----------------------------------------------------------------------
      1530         50          0         12          4       1848   Library Totals

    ----------------------------------------------------------------------

==============================================================================


      Code (inc. data)   RO Data    RW Data    ZI Data      Debug   

     46448       3612        692        364      22748    2318907   Grand Totals
     46448       3612        692         32      22748    2318907   ELF Image Totals (compressed)
     46448       3612        692         32          0          0   ROM Totals

==============================================================================

    Total RO  Size (Code + RO Data)                47140 (  46.04kB)
    Total RW  Size (RW Data + ZI Data)             23112 (  22.57kB)
    Total ROM Size (Code + RO Data + RW Data)      47172 (  46.07kB)

==============================================================================

